------------------------------------------------------------------------------------------------------------------------

[2026-05-05 09:58:25 #1 store] 
Database '/home/bolo/git/lehenbizikoIterazioa/src/main/resources/products.temp' is opened by 12417@ubuntu

[2026-05-05 09:58:25 #2 type.registry] 
New type domain.User

[2026-05-05 09:58:25 #3 type] 
Type domain.User is not enhanced.

[2026-05-05 09:58:25 #4 type.registry] 
New type domain.Erreklamazioa

[2026-05-05 09:58:25 #5 type.registry] 
New type domain.Salaketa

[2026-05-05 09:58:25 #6 type.registry] 
New type domain.Mugimendua

[2026-05-05 09:58:25 #7 type.registry] 
New type domain.Sale

[2026-05-05 09:58:25 #8 type.registry] 
New type domain.Txartela

[2026-05-05 09:58:25 #9 type] 
Type domain.Erreklamazioa is not enhanced.

[2026-05-05 09:58:25 #10 type] 
Type domain.Salaketa is not enhanced.

[2026-05-05 09:58:25 #11 type] 
Type domain.Mugimendua is not enhanced.

[2026-05-05 09:58:25 #12 type] 
Type domain.Sale is not enhanced.

[2026-05-05 09:58:25 #13 type.registry] 
New type domain.Notifikazioa

[2026-05-05 09:58:25 #14 type] 
Type domain.Txartela is not enhanced.

[2026-05-05 09:58:25 #15 type] 
Type domain.Notifikazioa is not enhanced.

[2026-05-05 09:58:25 #16 type.registry] 
New type domain.Arduraduna

[2026-05-05 09:58:25 #17 type] 
Type domain.Arduraduna is not enhanced.

[2026-05-05 09:58:25 #18 type.registry] 
New type java.util.ArrayList<java.lang.Object>

[2026-05-05 09:58:25 #19 type.registry] 
New type java.util.ArrayList<java.lang.String>

[2026-05-05 09:58:25 #20 type.registry] 
New type java.util.ArrayList<domain.Sale>

[2026-05-05 09:58:25 #21 type.registry] 
New type java.util.ArrayList<domain.Mugimendua>

[2026-05-05 09:58:25 #22 type.registry] 
New type java.util.ArrayList<domain.Salaketa>

[2026-05-05 09:58:25 #23 type.registry] 
New type java.util.ArrayList<domain.Erreklamazioa>

------------------------------------------------------------------------------------------------------------------------

[2026-05-05 09:59:19 #1 store] 
Database '/home/bolo/git/lehenbizikoIterazioa/src/main/resources/products.temp' is opened by 12496@ubuntu

[2026-05-05 09:59:19 #2 type.registry] 
New type domain.User

[2026-05-05 09:59:19 #3 type] 
Type domain.User is not enhanced.

[2026-05-05 09:59:19 #4 type.registry] 
New type domain.Erreklamazioa

[2026-05-05 09:59:19 #5 type.registry] 
New type domain.Salaketa

[2026-05-05 09:59:19 #6 type.registry] 
New type domain.Mugimendua

[2026-05-05 09:59:19 #7 type.registry] 
New type domain.Sale

[2026-05-05 09:59:19 #8 type.registry] 
New type domain.Txartela

[2026-05-05 09:59:19 #9 type] 
Type domain.Erreklamazioa is not enhanced.

[2026-05-05 09:59:19 #10 type] 
Type domain.Salaketa is not enhanced.

[2026-05-05 09:59:19 #11 type] 
Type domain.Mugimendua is not enhanced.

[2026-05-05 09:59:19 #12 type] 
Type domain.Sale is not enhanced.

[2026-05-05 09:59:19 #13 type.registry] 
New type domain.Notifikazioa

[2026-05-05 09:59:19 #14 type] 
Type domain.Txartela is not enhanced.

[2026-05-05 09:59:19 #15 type] 
Type domain.Notifikazioa is not enhanced.

[2026-05-05 09:59:19 #16 type.registry] 
New type domain.Arduraduna

[2026-05-05 09:59:19 #17 type] 
Type domain.Arduraduna is not enhanced.

[2026-05-05 09:59:19 #18 type.registry] 
New type java.util.ArrayList<java.lang.Object>

[2026-05-05 09:59:19 #19 type.registry] 
New type java.util.ArrayList<java.lang.String>

[2026-05-05 09:59:19 #20 type.registry] 
New type java.util.ArrayList<domain.Sale>

[2026-05-05 09:59:19 #21 type.registry] 
New type java.util.ArrayList<domain.Mugimendua>

[2026-05-05 09:59:19 #22 type.registry] 
New type java.util.ArrayList<domain.Salaketa>

[2026-05-05 09:59:19 #23 type.registry] 
New type java.util.ArrayList<domain.Erreklamazioa>

------------------------------------------------------------------------------------------------------------------------

[2026-05-05 10:06:13 #1 store] 
Database '/home/bolo/git/lehenbizikoIterazioa/src/main/resources/products.temp' is opened by 12845@ubuntu

[2026-05-05 10:06:13 #2 type.registry] 
New type domain.User

[2026-05-05 10:06:13 #3 type] 
Type domain.User is not enhanced.

[2026-05-05 10:06:13 #4 type.registry] 
New type domain.Erreklamazioa

[2026-05-05 10:06:13 #5 type.registry] 
New type domain.Salaketa

[2026-05-05 10:06:13 #6 type.registry] 
New type domain.Mugimendua

[2026-05-05 10:06:13 #7 type.registry] 
New type domain.Sale

[2026-05-05 10:06:13 #8 type.registry] 
New type domain.Txartela

[2026-05-05 10:06:13 #9 type] 
Type domain.Erreklamazioa is not enhanced.

[2026-05-05 10:06:13 #10 type] 
Type domain.Salaketa is not enhanced.

[2026-05-05 10:06:13 #11 type] 
Type domain.Mugimendua is not enhanced.

[2026-05-05 10:06:13 #12 type] 
Type domain.Sale is not enhanced.

[2026-05-05 10:06:13 #13 type.registry] 
New type domain.Notifikazioa

[2026-05-05 10:06:13 #14 type] 
Type domain.Txartela is not enhanced.

[2026-05-05 10:06:13 #15 type] 
Type domain.Notifikazioa is not enhanced.

[2026-05-05 10:06:13 #16 type.registry] 
New type domain.Arduraduna

[2026-05-05 10:06:13 #17 type] 
Type domain.Arduraduna is not enhanced.

[2026-05-05 10:06:13 #18 type.registry] 
New type java.util.ArrayList<java.lang.Object>

[2026-05-05 10:06:13 #19 type.registry] 
New type java.util.ArrayList<java.lang.String>

[2026-05-05 10:06:13 #20 type.registry] 
New type java.util.ArrayList<domain.Sale>

[2026-05-05 10:06:13 #21 type.registry] 
New type java.util.ArrayList<domain.Mugimendua>

[2026-05-05 10:06:13 #22 type.registry] 
New type java.util.ArrayList<domain.Salaketa>

[2026-05-05 10:06:13 #23 type.registry] 
New type java.util.ArrayList<domain.Erreklamazioa>

