------------------------------------------------------------------------------------------------------------------------

[2026-05-11 00:01:41 #1 store] 
Database 'C:\Users\Jon\git\lehenbizikoIterazioaaa\src\main\resources\products.temp' has been recovered (tr. 16-17)

[2026-05-11 00:01:41 #2 store] 
Database 'C:\Users\Jon\git\lehenbizikoIterazioaaa\src\main\resources\products.temp' is opened by 15800@LAPTOP-9T7B58EJ

[2026-05-11 00:01:41 #3 type] 
Type domain.User is not enhanced.

[2026-05-11 00:01:41 #4 type] 
Type domain.Eskaintza is not enhanced.

[2026-05-11 00:01:41 #5 type] 
Type domain.Eskaera is not enhanced.

[2026-05-11 00:01:41 #6 type] 
Type domain.Erreklamazioa is not enhanced.

[2026-05-11 00:01:41 #7 type] 
Type domain.Salaketa is not enhanced.

[2026-05-11 00:01:41 #8 type] 
Type domain.Mugimendua is not enhanced.

[2026-05-11 00:01:41 #9 type] 
Type domain.Sale is not enhanced.

[2026-05-11 00:01:41 #10 type] 
Type domain.Txartela is not enhanced.

[2026-05-11 00:01:41 #11 type] 
Type domain.Notifikazioa is not enhanced.

[2026-05-11 00:01:41 #12 type] 
Type domain.Arduraduna is not enhanced.

------------------------------------------------------------------------------------------------------------------------

[2026-05-11 00:05:03 #1 store] 
Database 'C:\Users\Jon\git\lehenbizikoIterazioaaa\src\main\resources\products.temp' has been recovered (tr. 18-19)

[2026-05-11 00:05:03 #2 store] 
Database 'C:\Users\Jon\git\lehenbizikoIterazioaaa\src\main\resources\products.temp' is opened by 1040@LAPTOP-9T7B58EJ

[2026-05-11 00:05:03 #3 type] 
Type domain.User is not enhanced.

[2026-05-11 00:05:03 #4 type] 
Type domain.Eskaintza is not enhanced.

[2026-05-11 00:05:03 #5 type] 
Type domain.Eskaera is not enhanced.

[2026-05-11 00:05:03 #6 type] 
Type domain.Erreklamazioa is not enhanced.

[2026-05-11 00:05:03 #7 type] 
Type domain.Salaketa is not enhanced.

[2026-05-11 00:05:03 #8 type] 
Type domain.Mugimendua is not enhanced.

[2026-05-11 00:05:03 #9 type] 
Type domain.Sale is not enhanced.

[2026-05-11 00:05:03 #10 type] 
Type domain.Txartela is not enhanced.

[2026-05-11 00:05:03 #11 type] 
Type domain.Notifikazioa is not enhanced.

[2026-05-11 00:05:03 #12 type] 
Type domain.Arduraduna is not enhanced.

------------------------------------------------------------------------------------------------------------------------

[2026-05-11 00:08:17 #1 store] 
Database 'C:\Users\Jon\git\lehenbizikoIterazioaaa\src\main\resources\products.temp' is opened by 6204@LAPTOP-9T7B58EJ

[2026-05-11 00:08:17 #2 type] 
Type domain.User is not enhanced.

[2026-05-11 00:08:17 #3 type] 
Type domain.Eskaintza is not enhanced.

[2026-05-11 00:08:17 #4 type] 
Type domain.Eskaera is not enhanced.

[2026-05-11 00:08:17 #5 type] 
Type domain.Erreklamazioa is not enhanced.

[2026-05-11 00:08:17 #6 type] 
Type domain.Salaketa is not enhanced.

[2026-05-11 00:08:17 #7 type] 
Type domain.Mugimendua is not enhanced.

[2026-05-11 00:08:17 #8 type] 
Type domain.Sale is not enhanced.

[2026-05-11 00:08:17 #9 type] 
Type domain.Txartela is not enhanced.

[2026-05-11 00:08:17 #10 type] 
Type domain.Notifikazioa is not enhanced.

[2026-05-11 00:08:17 #11 type] 
Type domain.Arduraduna is not enhanced.

------------------------------------------------------------------------------------------------------------------------

[2026-05-11 00:12:22 #1 store] 
Database 'C:\Users\Jon\git\lehenbizikoIterazioaaa\src\main\resources\products.temp' is opened by 4104@LAPTOP-9T7B58EJ

[2026-05-11 00:12:23 #2 type] 
Type domain.User is not enhanced.

[2026-05-11 00:12:23 #3 type] 
Type domain.Eskaintza is not enhanced.

[2026-05-11 00:12:23 #4 type] 
Type domain.Eskaera is not enhanced.

[2026-05-11 00:12:23 #5 type] 
Type domain.Erreklamazioa is not enhanced.

[2026-05-11 00:12:23 #6 type] 
Type domain.Salaketa is not enhanced.

[2026-05-11 00:12:23 #7 type] 
Type domain.Mugimendua is not enhanced.

[2026-05-11 00:12:23 #8 type] 
Type domain.Sale is not enhanced.

[2026-05-11 00:12:23 #9 type] 
Type domain.Txartela is not enhanced.

[2026-05-11 00:12:23 #10 type] 
Type domain.Notifikazioa is not enhanced.

[2026-05-11 00:12:23 #11 type] 
Type domain.Arduraduna is not enhanced.

------------------------------------------------------------------------------------------------------------------------

[2026-05-11 00:19:04 #1 store] 
Database 'C:\Users\Jon\git\lehenbizikoIterazioaaa\src\main\resources\products.temp' is opened by 15072@LAPTOP-9T7B58EJ

[2026-05-11 00:19:04 #2 type] 
Type domain.User is not enhanced.

[2026-05-11 00:19:04 #3 type] 
Type domain.Eskaintza is not enhanced.

[2026-05-11 00:19:04 #4 type] 
Type domain.Eskaera is not enhanced.

[2026-05-11 00:19:04 #5 type] 
Type domain.Erreklamazioa is not enhanced.

[2026-05-11 00:19:04 #6 type] 
Type domain.Salaketa is not enhanced.

[2026-05-11 00:19:04 #7 type] 
Type domain.Mugimendua is not enhanced.

[2026-05-11 00:19:04 #8 type] 
Type domain.Sale is not enhanced.

[2026-05-11 00:19:04 #9 type] 
Type domain.Txartela is not enhanced.

[2026-05-11 00:19:04 #10 type] 
Type domain.Notifikazioa is not enhanced.

[2026-05-11 00:19:04 #11 type] 
Type domain.Arduraduna is not enhanced.

------------------------------------------------------------------------------------------------------------------------

[2026-05-11 00:30:43 #1 store] 
Database 'C:\Users\Jon\git\lehenbizikoIterazioaaa\src\main\resources\products.temp' is opened by 12696@LAPTOP-9T7B58EJ

[2026-05-11 00:30:43 #2 type] 
Type domain.User is not enhanced.

[2026-05-11 00:30:43 #3 type] 
Type domain.Eskaintza is not enhanced.

[2026-05-11 00:30:43 #4 type] 
Type domain.Eskaera is not enhanced.

[2026-05-11 00:30:43 #5 type] 
Type domain.Erreklamazioa is not enhanced.

[2026-05-11 00:30:43 #6 type] 
Type domain.Salaketa is not enhanced.

[2026-05-11 00:30:43 #7 type] 
Type domain.Mugimendua is not enhanced.

[2026-05-11 00:30:43 #8 type] 
Type domain.Sale is not enhanced.

[2026-05-11 00:30:43 #9 type] 
Type domain.Txartela is not enhanced.

[2026-05-11 00:30:43 #10 type] 
Type domain.Notifikazioa is not enhanced.

[2026-05-11 00:30:43 #11 type] 
Type domain.Arduraduna is not enhanced.

------------------------------------------------------------------------------------------------------------------------

[2026-05-11 00:33:41 #1 store] 
Database 'C:\Users\Jon\git\lehenbizikoIterazioaaa\src\main\resources\products.temp' is opened by 25504@LAPTOP-9T7B58EJ

[2026-05-11 00:33:41 #2 type] 
Type domain.User is not enhanced.

[2026-05-11 00:33:41 #3 type] 
Type domain.Eskaintza is not enhanced.

[2026-05-11 00:33:41 #4 type] 
Type domain.Eskaera is not enhanced.

[2026-05-11 00:33:41 #5 type] 
Type domain.Erreklamazioa is not enhanced.

[2026-05-11 00:33:41 #6 type] 
Type domain.Salaketa is not enhanced.

[2026-05-11 00:33:41 #7 type] 
Type domain.Mugimendua is not enhanced.

[2026-05-11 00:33:41 #8 type] 
Type domain.Sale is not enhanced.

[2026-05-11 00:33:41 #9 type] 
Type domain.Txartela is not enhanced.

[2026-05-11 00:33:41 #10 type] 
Type domain.Notifikazioa is not enhanced.

[2026-05-11 00:33:41 #11 type] 
Type domain.Arduraduna is not enhanced.

------------------------------------------------------------------------------------------------------------------------

[2026-05-11 00:39:28 #1 store] 
Database 'C:\Users\Jon\git\lehenbizikoIterazioaaa\src\main\resources\products.temp' is opened by 21612@LAPTOP-9T7B58EJ

[2026-05-11 00:39:28 #2 type] 
Type domain.User is not enhanced.

[2026-05-11 00:39:28 #3 type] 
Type domain.Eskaintza is not enhanced.

[2026-05-11 00:39:28 #4 type] 
Type domain.Eskaera is not enhanced.

[2026-05-11 00:39:28 #5 type] 
Type domain.Erreklamazioa is not enhanced.

[2026-05-11 00:39:28 #6 type] 
Type domain.Salaketa is not enhanced.

[2026-05-11 00:39:28 #7 type] 
Type domain.Mugimendua is not enhanced.

[2026-05-11 00:39:28 #8 type] 
Type domain.Sale is not enhanced.

[2026-05-11 00:39:28 #9 type] 
Type domain.Txartela is not enhanced.

[2026-05-11 00:39:28 #10 type] 
Type domain.Notifikazioa is not enhanced.

[2026-05-11 00:39:28 #11 type] 
Type domain.Arduraduna is not enhanced.

------------------------------------------------------------------------------------------------------------------------

[2026-05-11 00:46:26 #1 store] 
Database 'C:\Users\Jon\git\lehenbizikoIterazioaaa\src\main\resources\products.temp' is opened by 9708@LAPTOP-9T7B58EJ

[2026-05-11 00:46:26 #2 type] 
Type domain.User is not enhanced.

[2026-05-11 00:46:26 #3 type] 
Type domain.Eskaintza is not enhanced.

[2026-05-11 00:46:26 #4 type] 
Type domain.Eskaera is not enhanced.

[2026-05-11 00:46:26 #5 type] 
Type domain.Erreklamazioa is not enhanced.

[2026-05-11 00:46:26 #6 type] 
Type domain.Salaketa is not enhanced.

[2026-05-11 00:46:26 #7 type] 
Type domain.Mugimendua is not enhanced.

[2026-05-11 00:46:26 #8 type] 
Type domain.Sale is not enhanced.

[2026-05-11 00:46:26 #9 type] 
Type domain.Txartela is not enhanced.

[2026-05-11 00:46:26 #10 type] 
Type domain.Notifikazioa is not enhanced.

[2026-05-11 00:46:26 #11 type] 
Type domain.Arduraduna is not enhanced.

------------------------------------------------------------------------------------------------------------------------

[2026-05-11 09:17:51 #1 store] 
Database 'C:\Users\Jon\git\lehenbizikoIterazioaaa\src\main\resources\products.temp' has been recovered (tr. 20-24)

[2026-05-11 09:17:51 #2 store] 
Database 'C:\Users\Jon\git\lehenbizikoIterazioaaa\src\main\resources\products.temp' is opened by 9980@LAPTOP-9T7B58EJ

[2026-05-11 09:17:51 #3 type] 
Type domain.User is not enhanced.

[2026-05-11 09:17:51 #4 type] 
Type domain.Eskaintza is not enhanced.

[2026-05-11 09:17:51 #5 type] 
Type domain.Eskaera is not enhanced.

[2026-05-11 09:17:51 #6 type] 
Type domain.Erreklamazioa is not enhanced.

[2026-05-11 09:17:51 #7 type] 
Type domain.Salaketa is not enhanced.

[2026-05-11 09:17:51 #8 type] 
Type domain.Mugimendua is not enhanced.

[2026-05-11 09:17:51 #9 type] 
Type domain.Sale is not enhanced.

[2026-05-11 09:17:51 #10 type] 
Type domain.Txartela is not enhanced.

[2026-05-11 09:17:51 #11 type] 
Type domain.Notifikazioa is not enhanced.

[2026-05-11 09:17:51 #12 type] 
Type domain.Arduraduna is not enhanced.

------------------------------------------------------------------------------------------------------------------------

[2026-05-11 09:22:44 #1 store] 
Database 'C:\Users\Jon\git\lehenbizikoIterazioaaa\src\main\resources\products.temp' is opened by 2360@LAPTOP-9T7B58EJ

[2026-05-11 09:22:44 #2 type] 
Type domain.User is not enhanced.

[2026-05-11 09:22:44 #3 type] 
Type domain.Eskaintza is not enhanced.

[2026-05-11 09:22:44 #4 type] 
Type domain.Eskaera is not enhanced.

[2026-05-11 09:22:44 #5 type] 
Type domain.Erreklamazioa is not enhanced.

[2026-05-11 09:22:44 #6 type] 
Type domain.Salaketa is not enhanced.

[2026-05-11 09:22:44 #7 type] 
Type domain.Mugimendua is not enhanced.

[2026-05-11 09:22:44 #8 type] 
Type domain.Sale is not enhanced.

[2026-05-11 09:22:44 #9 type] 
Type domain.Txartela is not enhanced.

[2026-05-11 09:22:44 #10 type] 
Type domain.Notifikazioa is not enhanced.

[2026-05-11 09:22:44 #11 type] 
Type domain.Arduraduna is not enhanced.

------------------------------------------------------------------------------------------------------------------------

[2026-05-11 10:42:32 #1 store] 
Database 'C:\Users\Jon\git\lehenbizikoIterazioaaa\src\main\resources\products.temp' has been recovered (tr. 25-25)

[2026-05-11 10:42:32 #2 store] 
Database 'C:\Users\Jon\git\lehenbizikoIterazioaaa\src\main\resources\products.temp' is opened by 21020@LAPTOP-9T7B58EJ

[2026-05-11 10:42:32 #3 type] 
Type domain.User is not enhanced.

[2026-05-11 10:42:32 #4 type] 
Type domain.Eskaintza is not enhanced.

[2026-05-11 10:42:32 #5 type] 
Type domain.Eskaera is not enhanced.

[2026-05-11 10:42:32 #6 type] 
Type domain.Erreklamazioa is not enhanced.

[2026-05-11 10:42:32 #7 type] 
Type domain.Salaketa is not enhanced.

[2026-05-11 10:42:32 #8 type] 
Type domain.Mugimendua is not enhanced.

[2026-05-11 10:42:32 #9 type] 
Type domain.Sale is not enhanced.

[2026-05-11 10:42:32 #10 type] 
Type domain.Txartela is not enhanced.

[2026-05-11 10:42:32 #11 type] 
Type domain.Notifikazioa is not enhanced.

[2026-05-11 10:42:32 #12 type] 
Type domain.Arduraduna is not enhanced.

