------------------------------------------------------------------------------------------------------------------------

[2026-05-06 10:49:16 #1 store] 
Database 'C:\Users\marti\git\proiektuaSI\src\main\resources\products.temp' is opened by 9596@Asus-Martín

[2026-05-06 10:49:17 #2 type.registry] 
New type domain.User

[2026-05-06 10:49:17 #3 type] 
Type domain.User is not enhanced.

[2026-05-06 10:49:17 #4 type.registry] 
New type domain.Erreklamazioa

[2026-05-06 10:49:17 #5 type.registry] 
New type domain.Salaketa

[2026-05-06 10:49:17 #6 type.registry] 
New type domain.Mugimendua

[2026-05-06 10:49:17 #7 type.registry] 
New type domain.Sale

[2026-05-06 10:49:17 #8 type.registry] 
New type domain.Txartela

[2026-05-06 10:49:17 #9 type] 
Type domain.Erreklamazioa is not enhanced.

[2026-05-06 10:49:17 #10 type] 
Type domain.Salaketa is not enhanced.

[2026-05-06 10:49:17 #11 type] 
Type domain.Mugimendua is not enhanced.

[2026-05-06 10:49:17 #12 type] 
Type domain.Sale is not enhanced.

[2026-05-06 10:49:17 #13 type.registry] 
New type domain.Notifikazioa

[2026-05-06 10:49:17 #14 type] 
Type domain.Txartela is not enhanced.

[2026-05-06 10:49:17 #15 type] 
Type domain.Notifikazioa is not enhanced.

[2026-05-06 10:49:17 #16 type.registry] 
New type domain.Arduraduna

[2026-05-06 10:49:17 #17 type] 
Type domain.Arduraduna is not enhanced.

[2026-05-06 10:49:17 #18 type.registry] 
New type java.util.ArrayList<java.lang.Object>

[2026-05-06 10:49:17 #19 type.registry] 
New type java.util.ArrayList<java.lang.String>

[2026-05-06 10:49:17 #20 type.registry] 
New type java.util.ArrayList<domain.Sale>

[2026-05-06 10:49:17 #21 type.registry] 
New type java.util.ArrayList<domain.Mugimendua>

[2026-05-06 10:49:17 #22 type.registry] 
New type java.util.ArrayList<domain.Salaketa>

[2026-05-06 10:49:17 #23 type.registry] 
New type java.util.ArrayList<domain.Erreklamazioa>

------------------------------------------------------------------------------------------------------------------------

[2026-05-06 13:23:07 #1 store] 
Database 'C:\Users\marti\git\proiektuaSI\src\main\resources\products.temp' is opened by 1748@Asus-Martín

[2026-05-06 13:23:07 #2 type.registry] 
New type domain.User

[2026-05-06 13:23:07 #3 type] 
Type domain.User is not enhanced.

[2026-05-06 13:23:07 #4 type.registry] 
New type domain.Erreklamazioa

[2026-05-06 13:23:07 #5 type.registry] 
New type domain.Salaketa

[2026-05-06 13:23:07 #6 type.registry] 
New type domain.Mugimendua

[2026-05-06 13:23:07 #7 type.registry] 
New type domain.Sale

[2026-05-06 13:23:07 #8 type.registry] 
New type domain.Txartela

[2026-05-06 13:23:07 #9 type] 
Type domain.Erreklamazioa is not enhanced.

[2026-05-06 13:23:07 #10 type] 
Type domain.Salaketa is not enhanced.

[2026-05-06 13:23:07 #11 type] 
Type domain.Mugimendua is not enhanced.

[2026-05-06 13:23:07 #12 type] 
Type domain.Sale is not enhanced.

[2026-05-06 13:23:07 #13 type.registry] 
New type domain.Notifikazioa

[2026-05-06 13:23:07 #14 type] 
Type domain.Txartela is not enhanced.

[2026-05-06 13:23:07 #15 type] 
Type domain.Notifikazioa is not enhanced.

[2026-05-06 13:23:07 #16 type.registry] 
New type domain.Arduraduna

[2026-05-06 13:23:07 #17 type] 
Type domain.Arduraduna is not enhanced.

[2026-05-06 13:23:07 #18 type.registry] 
New type java.util.ArrayList<java.lang.Object>

[2026-05-06 13:23:07 #19 type.registry] 
New type java.util.ArrayList<java.lang.String>

[2026-05-06 13:23:07 #20 type.registry] 
New type java.util.ArrayList<domain.Sale>

[2026-05-06 13:23:07 #21 type.registry] 
New type java.util.ArrayList<domain.Mugimendua>

[2026-05-06 13:23:07 #22 type.registry] 
New type java.util.ArrayList<domain.Salaketa>

[2026-05-06 13:23:07 #23 type.registry] 
New type java.util.ArrayList<domain.Erreklamazioa>

------------------------------------------------------------------------------------------------------------------------

[2026-05-06 13:32:04 #1 store] 
Database 'C:\Users\marti\git\proiektuaSI\src\main\resources\products.temp' is opened by 8908@Asus-Martín

[2026-05-06 13:32:04 #2 type.registry] 
New type domain.User

[2026-05-06 13:32:04 #3 type] 
Type domain.User is not enhanced.

[2026-05-06 13:32:04 #4 type.registry] 
New type domain.Erreklamazioa

[2026-05-06 13:32:04 #5 type.registry] 
New type domain.Salaketa

[2026-05-06 13:32:04 #6 type.registry] 
New type domain.Mugimendua

[2026-05-06 13:32:04 #7 type.registry] 
New type domain.Sale

[2026-05-06 13:32:04 #8 type.registry] 
New type domain.Txartela

[2026-05-06 13:32:04 #9 type] 
Type domain.Erreklamazioa is not enhanced.

[2026-05-06 13:32:04 #10 type] 
Type domain.Salaketa is not enhanced.

[2026-05-06 13:32:04 #11 type] 
Type domain.Mugimendua is not enhanced.

[2026-05-06 13:32:04 #12 type] 
Type domain.Sale is not enhanced.

[2026-05-06 13:32:04 #13 type.registry] 
New type domain.Notifikazioa

[2026-05-06 13:32:04 #14 type] 
Type domain.Txartela is not enhanced.

[2026-05-06 13:32:04 #15 type] 
Type domain.Notifikazioa is not enhanced.

[2026-05-06 13:32:04 #16 type.registry] 
New type domain.Arduraduna

[2026-05-06 13:32:04 #17 type] 
Type domain.Arduraduna is not enhanced.

[2026-05-06 13:32:04 #18 type.registry] 
New type java.util.ArrayList<java.lang.Object>

[2026-05-06 13:32:04 #19 type.registry] 
New type java.util.ArrayList<java.lang.String>

[2026-05-06 13:32:04 #20 type.registry] 
New type java.util.ArrayList<domain.Sale>

[2026-05-06 13:32:04 #21 type.registry] 
New type java.util.ArrayList<domain.Mugimendua>

[2026-05-06 13:32:04 #22 type.registry] 
New type java.util.ArrayList<domain.Salaketa>

[2026-05-06 13:32:04 #23 type.registry] 
New type java.util.ArrayList<domain.Erreklamazioa>

------------------------------------------------------------------------------------------------------------------------

[2026-05-06 13:47:26 #1 store] 
Database 'C:\Users\marti\git\proiektuaSI\src\main\resources\products.temp' is opened by 21592@Asus-Martín

[2026-05-06 13:47:26 #2 type.registry] 
New type domain.User

[2026-05-06 13:47:26 #3 type] 
Type domain.User is not enhanced.

[2026-05-06 13:47:26 #4 type.registry] 
New type domain.Erreklamazioa

[2026-05-06 13:47:26 #5 type.registry] 
New type domain.Salaketa

[2026-05-06 13:47:26 #6 type.registry] 
New type domain.Mugimendua

[2026-05-06 13:47:26 #7 type.registry] 
New type domain.Sale

[2026-05-06 13:47:26 #8 type.registry] 
New type domain.Txartela

[2026-05-06 13:47:26 #9 type] 
Type domain.Erreklamazioa is not enhanced.

[2026-05-06 13:47:26 #10 type] 
Type domain.Salaketa is not enhanced.

[2026-05-06 13:47:26 #11 type] 
Type domain.Mugimendua is not enhanced.

[2026-05-06 13:47:26 #12 type] 
Type domain.Sale is not enhanced.

[2026-05-06 13:47:26 #13 type.registry] 
New type domain.Notifikazioa

[2026-05-06 13:47:26 #14 type] 
Type domain.Txartela is not enhanced.

[2026-05-06 13:47:26 #15 type] 
Type domain.Notifikazioa is not enhanced.

[2026-05-06 13:47:26 #16 type.registry] 
New type domain.Arduraduna

[2026-05-06 13:47:26 #17 type] 
Type domain.Arduraduna is not enhanced.

[2026-05-06 13:47:26 #18 type.registry] 
New type java.util.ArrayList<java.lang.Object>

[2026-05-06 13:47:26 #19 type.registry] 
New type java.util.ArrayList<java.lang.String>

[2026-05-06 13:47:26 #20 type.registry] 
New type java.util.ArrayList<domain.Sale>

[2026-05-06 13:47:26 #21 type.registry] 
New type java.util.ArrayList<domain.Mugimendua>

[2026-05-06 13:47:26 #22 type.registry] 
New type java.util.ArrayList<domain.Salaketa>

[2026-05-06 13:47:26 #23 type.registry] 
New type java.util.ArrayList<domain.Erreklamazioa>

------------------------------------------------------------------------------------------------------------------------

[2026-05-06 13:52:48 #1 store] 
Database 'C:\Users\marti\git\proiektuaSI\src\main\resources\products.temp' has been recovered (tr. 1-12)

[2026-05-06 13:52:48 #2 store] 
Database 'C:\Users\marti\git\proiektuaSI\src\main\resources\products.temp' is opened by 13104@Asus-Martín

[2026-05-06 13:52:48 #3 type] 
Type domain.User is not enhanced.

[2026-05-06 13:52:48 #4 type] 
Type domain.Erreklamazioa is not enhanced.

[2026-05-06 13:52:48 #5 type] 
Type domain.Salaketa is not enhanced.

[2026-05-06 13:52:48 #6 type] 
Type domain.Mugimendua is not enhanced.

[2026-05-06 13:52:48 #7 type] 
Type domain.Sale is not enhanced.

[2026-05-06 13:52:48 #8 type] 
Type domain.Txartela is not enhanced.

[2026-05-06 13:52:48 #9 type] 
Type domain.Notifikazioa is not enhanced.

[2026-05-06 13:52:48 #10 type] 
Type domain.Arduraduna is not enhanced.

------------------------------------------------------------------------------------------------------------------------

[2026-05-06 13:53:44 #1 store] 
Database 'C:\Users\marti\git\proiektuaSI\src\main\resources\products.temp' has been recovered (tr. 13-13)

[2026-05-06 13:53:44 #2 store] 
Database 'C:\Users\marti\git\proiektuaSI\src\main\resources\products.temp' is opened by 3272@Asus-Martín

[2026-05-06 13:53:44 #3 type] 
Type domain.User is not enhanced.

[2026-05-06 13:53:44 #4 type] 
Type domain.Erreklamazioa is not enhanced.

[2026-05-06 13:53:44 #5 type] 
Type domain.Salaketa is not enhanced.

[2026-05-06 13:53:44 #6 type] 
Type domain.Mugimendua is not enhanced.

[2026-05-06 13:53:44 #7 type] 
Type domain.Sale is not enhanced.

[2026-05-06 13:53:44 #8 type] 
Type domain.Txartela is not enhanced.

[2026-05-06 13:53:44 #9 type] 
Type domain.Notifikazioa is not enhanced.

[2026-05-06 13:53:44 #10 type] 
Type domain.Arduraduna is not enhanced.

------------------------------------------------------------------------------------------------------------------------

[2026-05-06 14:02:39 #1 store] 
Database 'C:\Users\marti\git\proiektuaSI\src\main\resources\products.temp' is opened by 12568@Asus-Martín

[2026-05-06 14:02:39 #2 type] 
Type domain.User is not enhanced.

[2026-05-06 14:02:39 #3 type] 
Type domain.Erreklamazioa is not enhanced.

[2026-05-06 14:02:39 #4 type] 
Type domain.Salaketa is not enhanced.

[2026-05-06 14:02:39 #5 type] 
Type domain.Mugimendua is not enhanced.

[2026-05-06 14:02:39 #6 type] 
Type domain.Sale is not enhanced.

[2026-05-06 14:02:39 #7 type] 
Type domain.Txartela is not enhanced.

[2026-05-06 14:02:39 #8 type] 
Type domain.Notifikazioa is not enhanced.

[2026-05-06 14:02:39 #9 type] 
Type domain.Arduraduna is not enhanced.

------------------------------------------------------------------------------------------------------------------------

[2026-05-06 14:07:42 #1 store] 
Database 'C:\Users\marti\git\proiektuaSI\src\main\resources\products.temp' is opened by 26216@Asus-Martín

[2026-05-06 14:07:42 #2 type] 
Type domain.User is not enhanced.

[2026-05-06 14:07:42 #3 type] 
Type domain.Erreklamazioa is not enhanced.

[2026-05-06 14:07:42 #4 type] 
Type domain.Salaketa is not enhanced.

[2026-05-06 14:07:42 #5 type] 
Type domain.Mugimendua is not enhanced.

[2026-05-06 14:07:42 #6 type] 
Type domain.Sale is not enhanced.

[2026-05-06 14:07:42 #7 type] 
Type domain.Txartela is not enhanced.

[2026-05-06 14:07:42 #8 type] 
Type domain.Notifikazioa is not enhanced.

[2026-05-06 14:07:42 #9 type] 
Type domain.Arduraduna is not enhanced.

------------------------------------------------------------------------------------------------------------------------

[2026-05-06 14:08:37 #1 store] 
Database 'C:\Users\marti\git\proiektuaSI\src\main\resources\products.temp' is opened by 21352@Asus-Martín

[2026-05-06 14:08:37 #2 type.registry] 
New type domain.User

[2026-05-06 14:08:37 #3 type] 
Type domain.User is not enhanced.

[2026-05-06 14:08:37 #4 type.registry] 
New type domain.Erreklamazioa

[2026-05-06 14:08:37 #5 type.registry] 
New type domain.Salaketa

[2026-05-06 14:08:37 #6 type.registry] 
New type domain.Mugimendua

[2026-05-06 14:08:37 #7 type.registry] 
New type domain.Sale

[2026-05-06 14:08:37 #8 type.registry] 
New type domain.Txartela

[2026-05-06 14:08:37 #9 type] 
Type domain.Erreklamazioa is not enhanced.

[2026-05-06 14:08:37 #10 type] 
Type domain.Salaketa is not enhanced.

[2026-05-06 14:08:37 #11 type] 
Type domain.Mugimendua is not enhanced.

[2026-05-06 14:08:37 #12 type] 
Type domain.Sale is not enhanced.

[2026-05-06 14:08:37 #13 type.registry] 
New type domain.Notifikazioa

[2026-05-06 14:08:37 #14 type] 
Type domain.Txartela is not enhanced.

[2026-05-06 14:08:37 #15 type] 
Type domain.Notifikazioa is not enhanced.

[2026-05-06 14:08:37 #16 type.registry] 
New type domain.Arduraduna

[2026-05-06 14:08:37 #17 type] 
Type domain.Arduraduna is not enhanced.

[2026-05-06 14:08:37 #18 type.registry] 
New type java.util.ArrayList<java.lang.Object>

[2026-05-06 14:08:37 #19 type.registry] 
New type java.util.ArrayList<java.lang.String>

[2026-05-06 14:08:37 #20 type.registry] 
New type java.util.ArrayList<domain.Sale>

[2026-05-06 14:08:37 #21 type.registry] 
New type java.util.ArrayList<domain.Mugimendua>

[2026-05-06 14:08:37 #22 type.registry] 
New type java.util.ArrayList<domain.Salaketa>

[2026-05-06 14:08:37 #23 type.registry] 
New type java.util.ArrayList<domain.Erreklamazioa>

------------------------------------------------------------------------------------------------------------------------

[2026-05-06 14:09:32 #1 store] 
Database 'C:\Users\marti\git\proiektuaSI\src\main\resources\products.temp' is opened by 20300@Asus-Martín

[2026-05-06 14:09:32 #2 type.registry] 
New type domain.User

[2026-05-06 14:09:32 #3 type] 
Type domain.User is not enhanced.

[2026-05-06 14:09:32 #4 type.registry] 
New type domain.Erreklamazioa

[2026-05-06 14:09:32 #5 type.registry] 
New type domain.Salaketa

[2026-05-06 14:09:32 #6 type.registry] 
New type domain.Mugimendua

[2026-05-06 14:09:32 #7 type.registry] 
New type domain.Sale

[2026-05-06 14:09:32 #8 type.registry] 
New type domain.Txartela

[2026-05-06 14:09:32 #9 type] 
Type domain.Erreklamazioa is not enhanced.

[2026-05-06 14:09:32 #10 type] 
Type domain.Salaketa is not enhanced.

[2026-05-06 14:09:32 #11 type] 
Type domain.Mugimendua is not enhanced.

[2026-05-06 14:09:32 #12 type] 
Type domain.Sale is not enhanced.

[2026-05-06 14:09:32 #13 type.registry] 
New type domain.Notifikazioa

[2026-05-06 14:09:32 #14 type] 
Type domain.Txartela is not enhanced.

[2026-05-06 14:09:32 #15 type] 
Type domain.Notifikazioa is not enhanced.

[2026-05-06 14:09:32 #16 type.registry] 
New type domain.Arduraduna

[2026-05-06 14:09:32 #17 type] 
Type domain.Arduraduna is not enhanced.

[2026-05-06 14:09:32 #18 type.registry] 
New type java.util.ArrayList<java.lang.Object>

[2026-05-06 14:09:32 #19 type.registry] 
New type java.util.ArrayList<java.lang.String>

[2026-05-06 14:09:32 #20 type.registry] 
New type java.util.ArrayList<domain.Sale>

[2026-05-06 14:09:32 #21 type.registry] 
New type java.util.ArrayList<domain.Mugimendua>

[2026-05-06 14:09:32 #22 type.registry] 
New type java.util.ArrayList<domain.Salaketa>

[2026-05-06 14:09:32 #23 type.registry] 
New type java.util.ArrayList<domain.Erreklamazioa>

------------------------------------------------------------------------------------------------------------------------

[2026-05-06 14:09:47 #1 store] 
Database 'C:\Users\marti\git\proiektuaSI\src\main\resources\products.temp' is opened by 23716@Asus-Martín

[2026-05-06 14:09:47 #2 type.registry] 
New type domain.User

[2026-05-06 14:09:47 #3 type] 
Type domain.User is not enhanced.

[2026-05-06 14:09:47 #4 type.registry] 
New type domain.Erreklamazioa

[2026-05-06 14:09:47 #5 type.registry] 
New type domain.Salaketa

[2026-05-06 14:09:47 #6 type.registry] 
New type domain.Mugimendua

[2026-05-06 14:09:47 #7 type.registry] 
New type domain.Sale

[2026-05-06 14:09:47 #8 type.registry] 
New type domain.Txartela

[2026-05-06 14:09:47 #9 type] 
Type domain.Erreklamazioa is not enhanced.

[2026-05-06 14:09:47 #10 type] 
Type domain.Salaketa is not enhanced.

[2026-05-06 14:09:47 #11 type] 
Type domain.Mugimendua is not enhanced.

[2026-05-06 14:09:47 #12 type] 
Type domain.Sale is not enhanced.

[2026-05-06 14:09:47 #13 type.registry] 
New type domain.Notifikazioa

[2026-05-06 14:09:47 #14 type] 
Type domain.Txartela is not enhanced.

[2026-05-06 14:09:47 #15 type] 
Type domain.Notifikazioa is not enhanced.

[2026-05-06 14:09:47 #16 type.registry] 
New type domain.Arduraduna

[2026-05-06 14:09:47 #17 type] 
Type domain.Arduraduna is not enhanced.

[2026-05-06 14:09:47 #18 type.registry] 
New type java.util.ArrayList<java.lang.Object>

[2026-05-06 14:09:47 #19 type.registry] 
New type java.util.ArrayList<java.lang.String>

[2026-05-06 14:09:47 #20 type.registry] 
New type java.util.ArrayList<domain.Sale>

[2026-05-06 14:09:47 #21 type.registry] 
New type java.util.ArrayList<domain.Mugimendua>

[2026-05-06 14:09:47 #22 type.registry] 
New type java.util.ArrayList<domain.Salaketa>

[2026-05-06 14:09:47 #23 type.registry] 
New type java.util.ArrayList<domain.Erreklamazioa>

------------------------------------------------------------------------------------------------------------------------

[2026-05-06 14:10:28 #1 store] 
Database 'C:\Users\marti\git\proiektuaSI\src\main\resources\products.temp' is opened by 25620@Asus-Martín

[2026-05-06 14:10:28 #2 type.registry] 
New type domain.User

[2026-05-06 14:10:28 #3 type] 
Type domain.User is not enhanced.

[2026-05-06 14:10:29 #4 type.registry] 
New type domain.Erreklamazioa

[2026-05-06 14:10:29 #5 type.registry] 
New type domain.Salaketa

[2026-05-06 14:10:29 #6 type.registry] 
New type domain.Mugimendua

[2026-05-06 14:10:29 #7 type.registry] 
New type domain.Sale

[2026-05-06 14:10:29 #8 type.registry] 
New type domain.Txartela

[2026-05-06 14:10:29 #9 type] 
Type domain.Erreklamazioa is not enhanced.

[2026-05-06 14:10:29 #10 type] 
Type domain.Salaketa is not enhanced.

[2026-05-06 14:10:29 #11 type] 
Type domain.Mugimendua is not enhanced.

[2026-05-06 14:10:29 #12 type] 
Type domain.Sale is not enhanced.

[2026-05-06 14:10:29 #13 type.registry] 
New type domain.Notifikazioa

[2026-05-06 14:10:29 #14 type] 
Type domain.Txartela is not enhanced.

[2026-05-06 14:10:29 #15 type] 
Type domain.Notifikazioa is not enhanced.

[2026-05-06 14:10:29 #16 type.registry] 
New type domain.Arduraduna

[2026-05-06 14:10:29 #17 type] 
Type domain.Arduraduna is not enhanced.

[2026-05-06 14:10:29 #18 type.registry] 
New type java.util.ArrayList<java.lang.Object>

[2026-05-06 14:10:29 #19 type.registry] 
New type java.util.ArrayList<java.lang.String>

[2026-05-06 14:10:29 #20 type.registry] 
New type java.util.ArrayList<domain.Sale>

[2026-05-06 14:10:29 #21 type.registry] 
New type java.util.ArrayList<domain.Mugimendua>

[2026-05-06 14:10:29 #22 type.registry] 
New type java.util.ArrayList<domain.Salaketa>

[2026-05-06 14:10:29 #23 type.registry] 
New type java.util.ArrayList<domain.Erreklamazioa>

------------------------------------------------------------------------------------------------------------------------

[2026-05-06 14:18:15 #1 store] 
Database 'C:\Users\marti\git\proiektuaSI\src\main\resources\products.temp' is opened by 9896@Asus-Martín

[2026-05-06 14:18:15 #2 type.registry] 
New type domain.User

[2026-05-06 14:18:15 #3 type] 
Type domain.User is not enhanced.

[2026-05-06 14:18:15 #4 type.registry] 
New type domain.Erreklamazioa

[2026-05-06 14:18:15 #5 type.registry] 
New type domain.Salaketa

[2026-05-06 14:18:15 #6 type.registry] 
New type domain.Mugimendua

[2026-05-06 14:18:15 #7 type.registry] 
New type domain.Sale

[2026-05-06 14:18:15 #8 type.registry] 
New type domain.Txartela

[2026-05-06 14:18:15 #9 type] 
Type domain.Erreklamazioa is not enhanced.

[2026-05-06 14:18:15 #10 type] 
Type domain.Salaketa is not enhanced.

[2026-05-06 14:18:15 #11 type] 
Type domain.Mugimendua is not enhanced.

[2026-05-06 14:18:15 #12 type] 
Type domain.Sale is not enhanced.

[2026-05-06 14:18:15 #13 type.registry] 
New type domain.Notifikazioa

[2026-05-06 14:18:15 #14 type] 
Type domain.Txartela is not enhanced.

[2026-05-06 14:18:15 #15 type] 
Type domain.Notifikazioa is not enhanced.

[2026-05-06 14:18:15 #16 type.registry] 
New type domain.Arduraduna

[2026-05-06 14:18:15 #17 type] 
Type domain.Arduraduna is not enhanced.

[2026-05-06 14:18:15 #18 type.registry] 
New type java.util.ArrayList<java.lang.Object>

[2026-05-06 14:18:15 #19 type.registry] 
New type java.util.ArrayList<java.lang.String>

[2026-05-06 14:18:15 #20 type.registry] 
New type java.util.ArrayList<domain.Sale>

[2026-05-06 14:18:15 #21 type.registry] 
New type java.util.ArrayList<domain.Mugimendua>

[2026-05-06 14:18:15 #22 type.registry] 
New type java.util.ArrayList<domain.Salaketa>

[2026-05-06 14:18:15 #23 type.registry] 
New type java.util.ArrayList<domain.Erreklamazioa>

------------------------------------------------------------------------------------------------------------------------

[2026-05-06 14:25:59 #1 store] 
Database 'C:\Users\marti\git\proiektuaSI\src\main\resources\products.temp' is opened by 26136@Asus-Martín

[2026-05-06 14:25:59 #2 type.registry] 
New type domain.User

[2026-05-06 14:25:59 #3 type] 
Type domain.User is not enhanced.

[2026-05-06 14:25:59 #4 type.registry] 
New type domain.Erreklamazioa

[2026-05-06 14:25:59 #5 type.registry] 
New type domain.Salaketa

[2026-05-06 14:25:59 #6 type.registry] 
New type domain.Mugimendua

[2026-05-06 14:25:59 #7 type.registry] 
New type domain.Sale

[2026-05-06 14:25:59 #8 type.registry] 
New type domain.Txartela

[2026-05-06 14:25:59 #9 type] 
Type domain.Erreklamazioa is not enhanced.

[2026-05-06 14:25:59 #10 type] 
Type domain.Salaketa is not enhanced.

[2026-05-06 14:25:59 #11 type] 
Type domain.Mugimendua is not enhanced.

[2026-05-06 14:25:59 #12 type] 
Type domain.Sale is not enhanced.

[2026-05-06 14:25:59 #13 type.registry] 
New type domain.Notifikazioa

[2026-05-06 14:25:59 #14 type] 
Type domain.Txartela is not enhanced.

[2026-05-06 14:25:59 #15 type] 
Type domain.Notifikazioa is not enhanced.

[2026-05-06 14:25:59 #16 type.registry] 
New type domain.Arduraduna

[2026-05-06 14:25:59 #17 type] 
Type domain.Arduraduna is not enhanced.

[2026-05-06 14:25:59 #18 type.registry] 
New type java.util.ArrayList<java.lang.Object>

[2026-05-06 14:25:59 #19 type.registry] 
New type java.util.ArrayList<java.lang.String>

[2026-05-06 14:25:59 #20 type.registry] 
New type java.util.ArrayList<domain.Sale>

[2026-05-06 14:25:59 #21 type.registry] 
New type java.util.ArrayList<domain.Mugimendua>

[2026-05-06 14:25:59 #22 type.registry] 
New type java.util.ArrayList<domain.Salaketa>

[2026-05-06 14:25:59 #23 type.registry] 
New type java.util.ArrayList<domain.Erreklamazioa>

------------------------------------------------------------------------------------------------------------------------

[2026-05-06 14:26:48 #1 store] 
Database 'C:\Users\marti\git\proiektuaSI\src\main\resources\products.temp' is opened by 12880@Asus-Martín

[2026-05-06 14:26:48 #2 type.registry] 
New type domain.User

[2026-05-06 14:26:48 #3 type] 
Type domain.User is not enhanced.

[2026-05-06 14:26:48 #4 type.registry] 
New type domain.Erreklamazioa

[2026-05-06 14:26:48 #5 type.registry] 
New type domain.Salaketa

[2026-05-06 14:26:48 #6 type.registry] 
New type domain.Mugimendua

[2026-05-06 14:26:48 #7 type.registry] 
New type domain.Sale

[2026-05-06 14:26:48 #8 type.registry] 
New type domain.Txartela

[2026-05-06 14:26:48 #9 type] 
Type domain.Erreklamazioa is not enhanced.

[2026-05-06 14:26:48 #10 type] 
Type domain.Salaketa is not enhanced.

[2026-05-06 14:26:48 #11 type] 
Type domain.Mugimendua is not enhanced.

[2026-05-06 14:26:48 #12 type] 
Type domain.Sale is not enhanced.

[2026-05-06 14:26:48 #13 type.registry] 
New type domain.Notifikazioa

[2026-05-06 14:26:48 #14 type] 
Type domain.Txartela is not enhanced.

[2026-05-06 14:26:48 #15 type] 
Type domain.Notifikazioa is not enhanced.

[2026-05-06 14:26:48 #16 type.registry] 
New type domain.Arduraduna

[2026-05-06 14:26:48 #17 type] 
Type domain.Arduraduna is not enhanced.

[2026-05-06 14:26:49 #18 type.registry] 
New type java.util.ArrayList<java.lang.Object>

[2026-05-06 14:26:49 #19 type.registry] 
New type java.util.ArrayList<java.lang.String>

[2026-05-06 14:26:49 #20 type.registry] 
New type java.util.ArrayList<domain.Sale>

[2026-05-06 14:26:49 #21 type.registry] 
New type java.util.ArrayList<domain.Mugimendua>

[2026-05-06 14:26:49 #22 type.registry] 
New type java.util.ArrayList<domain.Salaketa>

[2026-05-06 14:26:49 #23 type.registry] 
New type java.util.ArrayList<domain.Erreklamazioa>

------------------------------------------------------------------------------------------------------------------------

[2026-05-06 14:59:53 #1 store] 
Database 'C:\Users\marti\git\proiektuaSI\src\main\resources\products.temp' is opened by 17848@Asus-Martín

[2026-05-06 14:59:53 #2 type.registry] 
New type domain.User

[2026-05-06 14:59:53 #3 type] 
Type domain.User is not enhanced.

[2026-05-06 14:59:53 #4 type.registry] 
New type domain.Erreklamazioa

[2026-05-06 14:59:53 #5 type.registry] 
New type domain.Salaketa

[2026-05-06 14:59:53 #6 type.registry] 
New type domain.Mugimendua

[2026-05-06 14:59:53 #7 type.registry] 
New type domain.Sale

[2026-05-06 14:59:53 #8 type.registry] 
New type domain.Txartela

[2026-05-06 14:59:53 #9 type] 
Type domain.Erreklamazioa is not enhanced.

[2026-05-06 14:59:53 #10 type] 
Type domain.Salaketa is not enhanced.

[2026-05-06 14:59:53 #11 type] 
Type domain.Mugimendua is not enhanced.

[2026-05-06 14:59:53 #12 type] 
Type domain.Sale is not enhanced.

[2026-05-06 14:59:53 #13 type.registry] 
New type domain.Notifikazioa

[2026-05-06 14:59:53 #14 type] 
Type domain.Txartela is not enhanced.

[2026-05-06 14:59:53 #15 type] 
Type domain.Notifikazioa is not enhanced.

[2026-05-06 14:59:53 #16 type.registry] 
New type domain.Arduraduna

[2026-05-06 14:59:53 #17 type] 
Type domain.Arduraduna is not enhanced.

[2026-05-06 14:59:53 #18 type.registry] 
New type java.util.ArrayList<java.lang.Object>

[2026-05-06 14:59:53 #19 type.registry] 
New type java.util.ArrayList<java.lang.String>

[2026-05-06 14:59:53 #20 type.registry] 
New type java.util.ArrayList<domain.Sale>

[2026-05-06 14:59:53 #21 type.registry] 
New type java.util.ArrayList<domain.Mugimendua>

[2026-05-06 14:59:53 #22 type.registry] 
New type java.util.ArrayList<domain.Salaketa>

[2026-05-06 14:59:53 #23 type.registry] 
New type java.util.ArrayList<domain.Erreklamazioa>

------------------------------------------------------------------------------------------------------------------------

[2026-05-06 15:07:16 #1 store] 
Database 'C:\Users\marti\git\proiektuaSI\src\main\resources\products.temp' is opened by 24748@Asus-Martín

[2026-05-06 15:07:17 #2 type.registry] 
New type domain.User

[2026-05-06 15:07:17 #3 type] 
Type domain.User is not enhanced.

[2026-05-06 15:07:17 #4 type.registry] 
New type domain.Erreklamazioa

[2026-05-06 15:07:17 #5 type.registry] 
New type domain.Salaketa

[2026-05-06 15:07:17 #6 type.registry] 
New type domain.Mugimendua

[2026-05-06 15:07:17 #7 type.registry] 
New type domain.Sale

[2026-05-06 15:07:17 #8 type.registry] 
New type domain.Txartela

[2026-05-06 15:07:17 #9 type] 
Type domain.Erreklamazioa is not enhanced.

[2026-05-06 15:07:17 #10 type] 
Type domain.Salaketa is not enhanced.

[2026-05-06 15:07:17 #11 type] 
Type domain.Mugimendua is not enhanced.

[2026-05-06 15:07:17 #12 type] 
Type domain.Sale is not enhanced.

[2026-05-06 15:07:17 #13 type.registry] 
New type domain.Notifikazioa

[2026-05-06 15:07:17 #14 type] 
Type domain.Txartela is not enhanced.

[2026-05-06 15:07:17 #15 type] 
Type domain.Notifikazioa is not enhanced.

[2026-05-06 15:07:17 #16 type.registry] 
New type domain.Arduraduna

[2026-05-06 15:07:17 #17 type] 
Type domain.Arduraduna is not enhanced.

[2026-05-06 15:07:17 #18 type.registry] 
New type java.util.ArrayList<java.lang.Object>

[2026-05-06 15:07:17 #19 type.registry] 
New type java.util.ArrayList<java.lang.String>

[2026-05-06 15:07:17 #20 type.registry] 
New type java.util.ArrayList<domain.Sale>

[2026-05-06 15:07:17 #21 type.registry] 
New type java.util.ArrayList<domain.Mugimendua>

[2026-05-06 15:07:17 #22 type.registry] 
New type java.util.ArrayList<domain.Salaketa>

[2026-05-06 15:07:17 #23 type.registry] 
New type java.util.ArrayList<domain.Erreklamazioa>

------------------------------------------------------------------------------------------------------------------------

[2026-05-06 15:13:07 #1 store] 
Database 'C:\Users\marti\git\proiektuaSI\src\main\resources\products.temp' is opened by 9640@Asus-Martín

[2026-05-06 15:13:07 #2 type.registry] 
New type domain.User

[2026-05-06 15:13:07 #3 type] 
Type domain.User is not enhanced.

[2026-05-06 15:13:07 #4 type.registry] 
New type domain.Erreklamazioa

[2026-05-06 15:13:07 #5 type.registry] 
New type domain.Salaketa

[2026-05-06 15:13:07 #6 type.registry] 
New type domain.Mugimendua

[2026-05-06 15:13:07 #7 type.registry] 
New type domain.Sale

[2026-05-06 15:13:07 #8 type.registry] 
New type domain.Txartela

[2026-05-06 15:13:07 #9 type] 
Type domain.Erreklamazioa is not enhanced.

[2026-05-06 15:13:07 #10 type] 
Type domain.Salaketa is not enhanced.

[2026-05-06 15:13:07 #11 type] 
Type domain.Mugimendua is not enhanced.

[2026-05-06 15:13:07 #12 type] 
Type domain.Sale is not enhanced.

[2026-05-06 15:13:07 #13 type.registry] 
New type domain.Notifikazioa

[2026-05-06 15:13:07 #14 type] 
Type domain.Txartela is not enhanced.

[2026-05-06 15:13:07 #15 type] 
Type domain.Notifikazioa is not enhanced.

[2026-05-06 15:13:07 #16 type.registry] 
New type domain.Arduraduna

[2026-05-06 15:13:07 #17 type] 
Type domain.Arduraduna is not enhanced.

[2026-05-06 15:13:07 #18 type.registry] 
New type java.util.ArrayList<java.lang.Object>

[2026-05-06 15:13:07 #19 type.registry] 
New type java.util.ArrayList<java.lang.String>

[2026-05-06 15:13:07 #20 type.registry] 
New type java.util.ArrayList<domain.Sale>

[2026-05-06 15:13:07 #21 type.registry] 
New type java.util.ArrayList<domain.Mugimendua>

[2026-05-06 15:13:07 #22 type.registry] 
New type java.util.ArrayList<domain.Salaketa>

[2026-05-06 15:13:07 #23 type.registry] 
New type java.util.ArrayList<domain.Erreklamazioa>

------------------------------------------------------------------------------------------------------------------------

[2026-05-06 15:14:16 #1 store] 
Database 'C:\Users\marti\git\proiektuaSI\src\main\resources\products.temp' is opened by 24052@Asus-Martín

[2026-05-06 15:14:16 #2 type.registry] 
New type domain.User

[2026-05-06 15:14:16 #3 type] 
Type domain.User is not enhanced.

[2026-05-06 15:14:16 #4 type.registry] 
New type domain.Erreklamazioa

[2026-05-06 15:14:16 #5 type.registry] 
New type domain.Salaketa

[2026-05-06 15:14:16 #6 type.registry] 
New type domain.Mugimendua

[2026-05-06 15:14:16 #7 type.registry] 
New type domain.Sale

[2026-05-06 15:14:16 #8 type.registry] 
New type domain.Txartela

[2026-05-06 15:14:16 #9 type] 
Type domain.Erreklamazioa is not enhanced.

[2026-05-06 15:14:16 #10 type] 
Type domain.Salaketa is not enhanced.

[2026-05-06 15:14:16 #11 type] 
Type domain.Mugimendua is not enhanced.

[2026-05-06 15:14:16 #12 type] 
Type domain.Sale is not enhanced.

[2026-05-06 15:14:16 #13 type.registry] 
New type domain.Notifikazioa

[2026-05-06 15:14:16 #14 type] 
Type domain.Txartela is not enhanced.

[2026-05-06 15:14:16 #15 type] 
Type domain.Notifikazioa is not enhanced.

[2026-05-06 15:14:16 #16 type.registry] 
New type domain.Arduraduna

[2026-05-06 15:14:16 #17 type] 
Type domain.Arduraduna is not enhanced.

[2026-05-06 15:14:16 #18 type.registry] 
New type java.util.ArrayList<java.lang.Object>

[2026-05-06 15:14:16 #19 type.registry] 
New type java.util.ArrayList<java.lang.String>

[2026-05-06 15:14:16 #20 type.registry] 
New type java.util.ArrayList<domain.Sale>

[2026-05-06 15:14:16 #21 type.registry] 
New type java.util.ArrayList<domain.Mugimendua>

[2026-05-06 15:14:16 #22 type.registry] 
New type java.util.ArrayList<domain.Salaketa>

[2026-05-06 15:14:16 #23 type.registry] 
New type java.util.ArrayList<domain.Erreklamazioa>

------------------------------------------------------------------------------------------------------------------------

[2026-05-06 15:15:05 #1 store] 
Database 'C:\Users\marti\git\proiektuaSI\src\main\resources\products.temp' is opened by 5080@Asus-Martín

[2026-05-06 15:15:05 #2 type.registry] 
New type domain.User

[2026-05-06 15:15:05 #3 type] 
Type domain.User is not enhanced.

[2026-05-06 15:15:05 #4 type.registry] 
New type domain.Erreklamazioa

[2026-05-06 15:15:05 #5 type.registry] 
New type domain.Salaketa

[2026-05-06 15:15:05 #6 type.registry] 
New type domain.Mugimendua

[2026-05-06 15:15:05 #7 type.registry] 
New type domain.Sale

[2026-05-06 15:15:05 #8 type.registry] 
New type domain.Txartela

[2026-05-06 15:15:05 #9 type] 
Type domain.Erreklamazioa is not enhanced.

[2026-05-06 15:15:05 #10 type] 
Type domain.Salaketa is not enhanced.

[2026-05-06 15:15:05 #11 type] 
Type domain.Mugimendua is not enhanced.

[2026-05-06 15:15:05 #12 type] 
Type domain.Sale is not enhanced.

[2026-05-06 15:15:05 #13 type.registry] 
New type domain.Notifikazioa

[2026-05-06 15:15:05 #14 type] 
Type domain.Txartela is not enhanced.

[2026-05-06 15:15:05 #15 type] 
Type domain.Notifikazioa is not enhanced.

[2026-05-06 15:15:05 #16 type.registry] 
New type domain.Arduraduna

[2026-05-06 15:15:05 #17 type] 
Type domain.Arduraduna is not enhanced.

[2026-05-06 15:15:05 #18 type.registry] 
New type java.util.ArrayList<java.lang.Object>

[2026-05-06 15:15:05 #19 type.registry] 
New type java.util.ArrayList<java.lang.String>

[2026-05-06 15:15:05 #20 type.registry] 
New type java.util.ArrayList<domain.Sale>

[2026-05-06 15:15:05 #21 type.registry] 
New type java.util.ArrayList<domain.Mugimendua>

[2026-05-06 15:15:05 #22 type.registry] 
New type java.util.ArrayList<domain.Salaketa>

[2026-05-06 15:15:05 #23 type.registry] 
New type java.util.ArrayList<domain.Erreklamazioa>

------------------------------------------------------------------------------------------------------------------------

[2026-05-06 15:44:45 #1 store] 
Database 'C:\Users\marti\git\proiektuaSI\src\main\resources\products.temp' is opened by 12332@Asus-Martín

[2026-05-06 15:44:46 #2 type.registry] 
New type domain.User

[2026-05-06 15:44:46 #3 type] 
Type domain.User is not enhanced.

[2026-05-06 15:44:46 #4 type.registry] 
New type domain.Erreklamazioa

[2026-05-06 15:44:46 #5 type.registry] 
New type domain.Salaketa

[2026-05-06 15:44:46 #6 type.registry] 
New type domain.Mugimendua

[2026-05-06 15:44:46 #7 type.registry] 
New type domain.Sale

[2026-05-06 15:44:46 #8 type.registry] 
New type domain.Txartela

[2026-05-06 15:44:46 #9 type] 
Type domain.Erreklamazioa is not enhanced.

[2026-05-06 15:44:46 #10 type] 
Type domain.Salaketa is not enhanced.

[2026-05-06 15:44:46 #11 type] 
Type domain.Mugimendua is not enhanced.

[2026-05-06 15:44:46 #12 type] 
Type domain.Sale is not enhanced.

[2026-05-06 15:44:46 #13 type.registry] 
New type domain.Notifikazioa

[2026-05-06 15:44:46 #14 type] 
Type domain.Txartela is not enhanced.

[2026-05-06 15:44:46 #15 type] 
Type domain.Notifikazioa is not enhanced.

[2026-05-06 15:44:46 #16 type.registry] 
New type domain.Arduraduna

[2026-05-06 15:44:46 #17 type] 
Type domain.Arduraduna is not enhanced.

[2026-05-06 15:44:46 #18 type.registry] 
New type java.util.ArrayList<java.lang.Object>

[2026-05-06 15:44:46 #19 type.registry] 
New type java.util.ArrayList<java.lang.String>

[2026-05-06 15:44:46 #20 type.registry] 
New type java.util.ArrayList<domain.Sale>

[2026-05-06 15:44:46 #21 type.registry] 
New type java.util.ArrayList<domain.Mugimendua>

[2026-05-06 15:44:46 #22 type.registry] 
New type java.util.ArrayList<domain.Salaketa>

[2026-05-06 15:44:46 #23 type.registry] 
New type java.util.ArrayList<domain.Erreklamazioa>

------------------------------------------------------------------------------------------------------------------------

[2026-05-06 15:45:07 #1 store] 
Database 'C:\Users\marti\git\proiektuaSI\src\main\resources\products.temp' is opened by 9568@Asus-Martín

[2026-05-06 15:45:07 #2 type.registry] 
New type domain.User

[2026-05-06 15:45:07 #3 type] 
Type domain.User is not enhanced.

[2026-05-06 15:45:07 #4 type.registry] 
New type domain.Erreklamazioa

[2026-05-06 15:45:07 #5 type.registry] 
New type domain.Salaketa

[2026-05-06 15:45:07 #6 type.registry] 
New type domain.Mugimendua

[2026-05-06 15:45:07 #7 type.registry] 
New type domain.Sale

[2026-05-06 15:45:07 #8 type.registry] 
New type domain.Txartela

[2026-05-06 15:45:07 #9 type] 
Type domain.Erreklamazioa is not enhanced.

[2026-05-06 15:45:07 #10 type] 
Type domain.Salaketa is not enhanced.

[2026-05-06 15:45:07 #11 type] 
Type domain.Mugimendua is not enhanced.

[2026-05-06 15:45:07 #12 type] 
Type domain.Sale is not enhanced.

[2026-05-06 15:45:07 #13 type.registry] 
New type domain.Notifikazioa

[2026-05-06 15:45:07 #14 type] 
Type domain.Txartela is not enhanced.

[2026-05-06 15:45:07 #15 type] 
Type domain.Notifikazioa is not enhanced.

[2026-05-06 15:45:07 #16 type.registry] 
New type domain.Arduraduna

[2026-05-06 15:45:07 #17 type] 
Type domain.Arduraduna is not enhanced.

[2026-05-06 15:45:07 #18 type.registry] 
New type java.util.ArrayList<java.lang.Object>

[2026-05-06 15:45:07 #19 type.registry] 
New type java.util.ArrayList<java.lang.String>

[2026-05-06 15:45:07 #20 type.registry] 
New type java.util.ArrayList<domain.Sale>

[2026-05-06 15:45:07 #21 type.registry] 
New type java.util.ArrayList<domain.Mugimendua>

[2026-05-06 15:45:07 #22 type.registry] 
New type java.util.ArrayList<domain.Salaketa>

[2026-05-06 15:45:07 #23 type.registry] 
New type java.util.ArrayList<domain.Erreklamazioa>

------------------------------------------------------------------------------------------------------------------------

[2026-05-06 15:51:46 #1 store] 
Database 'C:\Users\marti\git\proiektuaSI\src\main\resources\products.temp' is opened by 9612@Asus-Martín

[2026-05-06 15:51:47 #2 type.registry] 
New type domain.User

[2026-05-06 15:51:47 #3 type] 
Type domain.User is not enhanced.

[2026-05-06 15:51:47 #4 type.registry] 
New type domain.Erreklamazioa

[2026-05-06 15:51:47 #5 type.registry] 
New type domain.Salaketa

[2026-05-06 15:51:47 #6 type.registry] 
New type domain.Mugimendua

[2026-05-06 15:51:47 #7 type.registry] 
New type domain.Sale

[2026-05-06 15:51:47 #8 type.registry] 
New type domain.Txartela

[2026-05-06 15:51:47 #9 type] 
Type domain.Erreklamazioa is not enhanced.

[2026-05-06 15:51:47 #10 type] 
Type domain.Salaketa is not enhanced.

[2026-05-06 15:51:47 #11 type] 
Type domain.Mugimendua is not enhanced.

[2026-05-06 15:51:47 #12 type] 
Type domain.Sale is not enhanced.

[2026-05-06 15:51:47 #13 type.registry] 
New type domain.Notifikazioa

[2026-05-06 15:51:47 #14 type] 
Type domain.Txartela is not enhanced.

[2026-05-06 15:51:47 #15 type] 
Type domain.Notifikazioa is not enhanced.

[2026-05-06 15:51:47 #16 type.registry] 
New type domain.Arduraduna

[2026-05-06 15:51:47 #17 type] 
Type domain.Arduraduna is not enhanced.

[2026-05-06 15:51:47 #18 type.registry] 
New type java.util.ArrayList<java.lang.Object>

[2026-05-06 15:51:47 #19 type.registry] 
New type java.util.ArrayList<java.lang.String>

[2026-05-06 15:51:47 #20 type.registry] 
New type java.util.ArrayList<domain.Sale>

[2026-05-06 15:51:47 #21 type.registry] 
New type java.util.ArrayList<domain.Mugimendua>

[2026-05-06 15:51:47 #22 type.registry] 
New type java.util.ArrayList<domain.Salaketa>

[2026-05-06 15:51:47 #23 type.registry] 
New type java.util.ArrayList<domain.Erreklamazioa>

------------------------------------------------------------------------------------------------------------------------

[2026-05-06 15:59:02 #1 store] 
Database 'C:\Users\marti\git\proiektuaSI\src\main\resources\products.temp' is opened by 11764@Asus-Martín

[2026-05-06 15:59:02 #2 type.registry] 
New type domain.User

[2026-05-06 15:59:02 #3 type] 
Type domain.User is not enhanced.

[2026-05-06 15:59:02 #4 type.registry] 
New type domain.Erreklamazioa

[2026-05-06 15:59:02 #5 type.registry] 
New type domain.Salaketa

[2026-05-06 15:59:02 #6 type.registry] 
New type domain.Mugimendua

[2026-05-06 15:59:02 #7 type.registry] 
New type domain.Sale

[2026-05-06 15:59:02 #8 type.registry] 
New type domain.Txartela

[2026-05-06 15:59:02 #9 type] 
Type domain.Erreklamazioa is not enhanced.

[2026-05-06 15:59:02 #10 type] 
Type domain.Salaketa is not enhanced.

[2026-05-06 15:59:02 #11 type] 
Type domain.Mugimendua is not enhanced.

[2026-05-06 15:59:02 #12 type] 
Type domain.Sale is not enhanced.

[2026-05-06 15:59:02 #13 type.registry] 
New type domain.Notifikazioa

[2026-05-06 15:59:02 #14 type] 
Type domain.Txartela is not enhanced.

[2026-05-06 15:59:02 #15 type] 
Type domain.Notifikazioa is not enhanced.

[2026-05-06 15:59:02 #16 type.registry] 
New type domain.Arduraduna

[2026-05-06 15:59:02 #17 type] 
Type domain.Arduraduna is not enhanced.

[2026-05-06 15:59:02 #18 type.registry] 
New type java.util.ArrayList<java.lang.Object>

[2026-05-06 15:59:02 #19 type.registry] 
New type java.util.ArrayList<java.lang.String>

[2026-05-06 15:59:02 #20 type.registry] 
New type java.util.ArrayList<domain.Sale>

[2026-05-06 15:59:02 #21 type.registry] 
New type java.util.ArrayList<domain.Mugimendua>

[2026-05-06 15:59:02 #22 type.registry] 
New type java.util.ArrayList<domain.Salaketa>

[2026-05-06 15:59:02 #23 type.registry] 
New type java.util.ArrayList<domain.Erreklamazioa>

------------------------------------------------------------------------------------------------------------------------

[2026-05-06 16:13:45 #1 store] 
Database 'C:\Users\marti\git\proiektuaSI\src\main\resources\products.temp' is opened by 23616@Asus-Martín

[2026-05-06 16:13:46 #2 type.registry] 
New type domain.User

[2026-05-06 16:13:46 #3 type] 
Type domain.User is not enhanced.

[2026-05-06 16:13:46 #4 type.registry] 
New type domain.Erreklamazioa

[2026-05-06 16:13:46 #5 type.registry] 
New type domain.Salaketa

[2026-05-06 16:13:46 #6 type.registry] 
New type domain.Mugimendua

[2026-05-06 16:13:46 #7 type.registry] 
New type domain.Sale

[2026-05-06 16:13:46 #8 type.registry] 
New type domain.Txartela

[2026-05-06 16:13:46 #9 type] 
Type domain.Erreklamazioa is not enhanced.

[2026-05-06 16:13:46 #10 type] 
Type domain.Salaketa is not enhanced.

[2026-05-06 16:13:46 #11 type] 
Type domain.Mugimendua is not enhanced.

[2026-05-06 16:13:46 #12 type] 
Type domain.Sale is not enhanced.

[2026-05-06 16:13:46 #13 type.registry] 
New type domain.Notifikazioa

[2026-05-06 16:13:46 #14 type] 
Type domain.Txartela is not enhanced.

[2026-05-06 16:13:46 #15 type] 
Type domain.Notifikazioa is not enhanced.

[2026-05-06 16:13:46 #16 type.registry] 
New type domain.Arduraduna

[2026-05-06 16:13:46 #17 type] 
Type domain.Arduraduna is not enhanced.

[2026-05-06 16:13:46 #18 type.registry] 
New type java.util.ArrayList<java.lang.Object>

[2026-05-06 16:13:46 #19 type.registry] 
New type java.util.ArrayList<java.lang.String>

[2026-05-06 16:13:46 #20 type.registry] 
New type java.util.ArrayList<domain.Sale>

[2026-05-06 16:13:46 #21 type.registry] 
New type java.util.ArrayList<domain.Mugimendua>

[2026-05-06 16:13:46 #22 type.registry] 
New type java.util.ArrayList<domain.Salaketa>

[2026-05-06 16:13:46 #23 type.registry] 
New type java.util.ArrayList<domain.Erreklamazioa>

------------------------------------------------------------------------------------------------------------------------

[2026-05-06 16:16:46 #1 store] 
Database 'C:\Users\marti\git\proiektuaSI\src\main\resources\products.temp' is opened by 7676@Asus-Martín

[2026-05-06 16:16:46 #2 type.registry] 
New type domain.User

[2026-05-06 16:16:46 #3 type] 
Type domain.User is not enhanced.

[2026-05-06 16:16:46 #4 type.registry] 
New type domain.Erreklamazioa

[2026-05-06 16:16:46 #5 type.registry] 
New type domain.Salaketa

[2026-05-06 16:16:46 #6 type.registry] 
New type domain.Mugimendua

[2026-05-06 16:16:46 #7 type.registry] 
New type domain.Sale

[2026-05-06 16:16:46 #8 type.registry] 
New type domain.Txartela

[2026-05-06 16:16:46 #9 type] 
Type domain.Erreklamazioa is not enhanced.

[2026-05-06 16:16:46 #10 type] 
Type domain.Salaketa is not enhanced.

[2026-05-06 16:16:46 #11 type] 
Type domain.Mugimendua is not enhanced.

[2026-05-06 16:16:46 #12 type] 
Type domain.Sale is not enhanced.

[2026-05-06 16:16:46 #13 type.registry] 
New type domain.Notifikazioa

[2026-05-06 16:16:46 #14 type] 
Type domain.Txartela is not enhanced.

[2026-05-06 16:16:46 #15 type] 
Type domain.Notifikazioa is not enhanced.

[2026-05-06 16:16:46 #16 type.registry] 
New type domain.Arduraduna

[2026-05-06 16:16:46 #17 type] 
Type domain.Arduraduna is not enhanced.

[2026-05-06 16:16:46 #18 type.registry] 
New type java.util.ArrayList<java.lang.Object>

[2026-05-06 16:16:46 #19 type.registry] 
New type java.util.ArrayList<java.lang.String>

[2026-05-06 16:16:46 #20 type.registry] 
New type java.util.ArrayList<domain.Sale>

[2026-05-06 16:16:46 #21 type.registry] 
New type java.util.ArrayList<domain.Mugimendua>

[2026-05-06 16:16:46 #22 type.registry] 
New type java.util.ArrayList<domain.Salaketa>

[2026-05-06 16:16:46 #23 type.registry] 
New type java.util.ArrayList<domain.Erreklamazioa>

------------------------------------------------------------------------------------------------------------------------

[2026-05-06 16:20:37 #1 store] 
Database 'C:\Users\marti\git\proiektuaSI\src\main\resources\products.temp' is opened by 5216@Asus-Martín

[2026-05-06 16:20:37 #2 type.registry] 
New type domain.User

[2026-05-06 16:20:37 #3 type] 
Type domain.User is not enhanced.

[2026-05-06 16:20:37 #4 type.registry] 
New type domain.Erreklamazioa

[2026-05-06 16:20:37 #5 type.registry] 
New type domain.Salaketa

[2026-05-06 16:20:37 #6 type.registry] 
New type domain.Mugimendua

[2026-05-06 16:20:37 #7 type.registry] 
New type domain.Sale

[2026-05-06 16:20:37 #8 type.registry] 
New type domain.Txartela

[2026-05-06 16:20:37 #9 type] 
Type domain.Erreklamazioa is not enhanced.

[2026-05-06 16:20:37 #10 type] 
Type domain.Salaketa is not enhanced.

[2026-05-06 16:20:37 #11 type] 
Type domain.Mugimendua is not enhanced.

[2026-05-06 16:20:37 #12 type] 
Type domain.Sale is not enhanced.

[2026-05-06 16:20:37 #13 type.registry] 
New type domain.Notifikazioa

[2026-05-06 16:20:37 #14 type] 
Type domain.Txartela is not enhanced.

[2026-05-06 16:20:37 #15 type] 
Type domain.Notifikazioa is not enhanced.

[2026-05-06 16:20:37 #16 type.registry] 
New type domain.Arduraduna

[2026-05-06 16:20:37 #17 type] 
Type domain.Arduraduna is not enhanced.

[2026-05-06 16:20:37 #18 type.registry] 
New type java.util.ArrayList<java.lang.Object>

[2026-05-06 16:20:37 #19 type.registry] 
New type java.util.ArrayList<java.lang.String>

[2026-05-06 16:20:37 #20 type.registry] 
New type java.util.ArrayList<domain.Sale>

[2026-05-06 16:20:37 #21 type.registry] 
New type java.util.ArrayList<domain.Mugimendua>

[2026-05-06 16:20:37 #22 type.registry] 
New type java.util.ArrayList<domain.Salaketa>

[2026-05-06 16:20:37 #23 type.registry] 
New type java.util.ArrayList<domain.Erreklamazioa>

------------------------------------------------------------------------------------------------------------------------

[2026-05-06 16:31:51 #1 store] 
Database 'C:\Users\marti\git\proiektuaSI\src\main\resources\products.temp' is opened by 26216@Asus-Martín

[2026-05-06 16:31:52 #2 type.registry] 
New type domain.User

[2026-05-06 16:31:52 #3 type] 
Type domain.User is not enhanced.

[2026-05-06 16:31:52 #4 type.registry] 
New type domain.Erreklamazioa

[2026-05-06 16:31:52 #5 type.registry] 
New type domain.Salaketa

[2026-05-06 16:31:52 #6 type.registry] 
New type domain.Mugimendua

[2026-05-06 16:31:52 #7 type.registry] 
New type domain.Sale

[2026-05-06 16:31:52 #8 type.registry] 
New type domain.Txartela

[2026-05-06 16:31:52 #9 type] 
Type domain.Erreklamazioa is not enhanced.

[2026-05-06 16:31:52 #10 type] 
Type domain.Salaketa is not enhanced.

[2026-05-06 16:31:52 #11 type] 
Type domain.Mugimendua is not enhanced.

[2026-05-06 16:31:52 #12 type] 
Type domain.Sale is not enhanced.

[2026-05-06 16:31:52 #13 type.registry] 
New type domain.Notifikazioa

[2026-05-06 16:31:52 #14 type] 
Type domain.Txartela is not enhanced.

[2026-05-06 16:31:52 #15 type] 
Type domain.Notifikazioa is not enhanced.

[2026-05-06 16:31:52 #16 type.registry] 
New type domain.Arduraduna

[2026-05-06 16:31:52 #17 type] 
Type domain.Arduraduna is not enhanced.

[2026-05-06 16:31:52 #18 type.registry] 
New type java.util.ArrayList<java.lang.Object>

[2026-05-06 16:31:52 #19 type.registry] 
New type java.util.ArrayList<java.lang.String>

[2026-05-06 16:31:52 #20 type.registry] 
New type java.util.ArrayList<domain.Sale>

[2026-05-06 16:31:52 #21 type.registry] 
New type java.util.ArrayList<domain.Mugimendua>

[2026-05-06 16:31:52 #22 type.registry] 
New type java.util.ArrayList<domain.Salaketa>

[2026-05-06 16:31:52 #23 type.registry] 
New type java.util.ArrayList<domain.Erreklamazioa>

------------------------------------------------------------------------------------------------------------------------

[2026-05-06 16:33:29 #1 store] 
Database 'C:\Users\marti\git\proiektuaSI\src\main\resources\products.temp' is opened by 19908@Asus-Martín

[2026-05-06 16:33:29 #2 type.registry] 
New type domain.User

[2026-05-06 16:33:29 #3 type] 
Type domain.User is not enhanced.

[2026-05-06 16:33:29 #4 type.registry] 
New type domain.Erreklamazioa

[2026-05-06 16:33:29 #5 type.registry] 
New type domain.Salaketa

[2026-05-06 16:33:29 #6 type.registry] 
New type domain.Mugimendua

[2026-05-06 16:33:29 #7 type.registry] 
New type domain.Sale

[2026-05-06 16:33:29 #8 type.registry] 
New type domain.Txartela

[2026-05-06 16:33:29 #9 type] 
Type domain.Erreklamazioa is not enhanced.

[2026-05-06 16:33:29 #10 type] 
Type domain.Salaketa is not enhanced.

[2026-05-06 16:33:29 #11 type] 
Type domain.Mugimendua is not enhanced.

[2026-05-06 16:33:29 #12 type] 
Type domain.Sale is not enhanced.

[2026-05-06 16:33:29 #13 type.registry] 
New type domain.Notifikazioa

[2026-05-06 16:33:29 #14 type] 
Type domain.Txartela is not enhanced.

[2026-05-06 16:33:29 #15 type] 
Type domain.Notifikazioa is not enhanced.

[2026-05-06 16:33:29 #16 type.registry] 
New type domain.Arduraduna

[2026-05-06 16:33:29 #17 type] 
Type domain.Arduraduna is not enhanced.

[2026-05-06 16:33:29 #18 type.registry] 
New type java.util.ArrayList<java.lang.Object>

[2026-05-06 16:33:29 #19 type.registry] 
New type java.util.ArrayList<java.lang.String>

[2026-05-06 16:33:29 #20 type.registry] 
New type java.util.ArrayList<domain.Sale>

[2026-05-06 16:33:29 #21 type.registry] 
New type java.util.ArrayList<domain.Mugimendua>

[2026-05-06 16:33:29 #22 type.registry] 
New type java.util.ArrayList<domain.Salaketa>

[2026-05-06 16:33:29 #23 type.registry] 
New type java.util.ArrayList<domain.Erreklamazioa>

------------------------------------------------------------------------------------------------------------------------

[2026-05-06 16:35:39 #1 store] 
Database 'C:\Users\marti\git\proiektuaSI\src\main\resources\products.temp' is opened by 11728@Asus-Martín

[2026-05-06 16:35:39 #2 type.registry] 
New type domain.User

[2026-05-06 16:35:39 #3 type] 
Type domain.User is not enhanced.

[2026-05-06 16:35:39 #4 type.registry] 
New type domain.Erreklamazioa

[2026-05-06 16:35:39 #5 type.registry] 
New type domain.Salaketa

[2026-05-06 16:35:39 #6 type.registry] 
New type domain.Mugimendua

[2026-05-06 16:35:39 #7 type.registry] 
New type domain.Sale

[2026-05-06 16:35:39 #8 type.registry] 
New type domain.Txartela

[2026-05-06 16:35:39 #9 type] 
Type domain.Erreklamazioa is not enhanced.

[2026-05-06 16:35:39 #10 type] 
Type domain.Salaketa is not enhanced.

[2026-05-06 16:35:39 #11 type] 
Type domain.Mugimendua is not enhanced.

[2026-05-06 16:35:39 #12 type] 
Type domain.Sale is not enhanced.

[2026-05-06 16:35:39 #13 type.registry] 
New type domain.Notifikazioa

[2026-05-06 16:35:39 #14 type] 
Type domain.Txartela is not enhanced.

[2026-05-06 16:35:39 #15 type] 
Type domain.Notifikazioa is not enhanced.

[2026-05-06 16:35:39 #16 type.registry] 
New type domain.Arduraduna

[2026-05-06 16:35:39 #17 type] 
Type domain.Arduraduna is not enhanced.

[2026-05-06 16:35:39 #18 type.registry] 
New type java.util.ArrayList<java.lang.Object>

[2026-05-06 16:35:39 #19 type.registry] 
New type java.util.ArrayList<java.lang.String>

[2026-05-06 16:35:39 #20 type.registry] 
New type java.util.ArrayList<domain.Sale>

[2026-05-06 16:35:39 #21 type.registry] 
New type java.util.ArrayList<domain.Mugimendua>

[2026-05-06 16:35:39 #22 type.registry] 
New type java.util.ArrayList<domain.Salaketa>

[2026-05-06 16:35:39 #23 type.registry] 
New type java.util.ArrayList<domain.Erreklamazioa>

------------------------------------------------------------------------------------------------------------------------

[2026-05-06 16:36:59 #1 store] 
Database 'C:\Users\marti\git\proiektuaSI\src\main\resources\products.temp' is opened by 6636@Asus-Martín

[2026-05-06 16:36:59 #2 type.registry] 
New type domain.User

[2026-05-06 16:36:59 #3 type] 
Type domain.User is not enhanced.

[2026-05-06 16:37:00 #4 type.registry] 
New type domain.Erreklamazioa

[2026-05-06 16:37:00 #5 type.registry] 
New type domain.Salaketa

[2026-05-06 16:37:00 #6 type.registry] 
New type domain.Mugimendua

[2026-05-06 16:37:00 #7 type.registry] 
New type domain.Sale

[2026-05-06 16:37:00 #8 type.registry] 
New type domain.Txartela

[2026-05-06 16:37:00 #9 type] 
Type domain.Erreklamazioa is not enhanced.

[2026-05-06 16:37:00 #10 type] 
Type domain.Salaketa is not enhanced.

[2026-05-06 16:37:00 #11 type] 
Type domain.Mugimendua is not enhanced.

[2026-05-06 16:37:00 #12 type] 
Type domain.Sale is not enhanced.

[2026-05-06 16:37:00 #13 type.registry] 
New type domain.Notifikazioa

[2026-05-06 16:37:00 #14 type] 
Type domain.Txartela is not enhanced.

[2026-05-06 16:37:00 #15 type] 
Type domain.Notifikazioa is not enhanced.

[2026-05-06 16:37:00 #16 type.registry] 
New type domain.Arduraduna

[2026-05-06 16:37:00 #17 type] 
Type domain.Arduraduna is not enhanced.

[2026-05-06 16:37:00 #18 type.registry] 
New type java.util.ArrayList<java.lang.Object>

[2026-05-06 16:37:00 #19 type.registry] 
New type java.util.ArrayList<java.lang.String>

[2026-05-06 16:37:00 #20 type.registry] 
New type java.util.ArrayList<domain.Sale>

[2026-05-06 16:37:00 #21 type.registry] 
New type java.util.ArrayList<domain.Mugimendua>

[2026-05-06 16:37:00 #22 type.registry] 
New type java.util.ArrayList<domain.Salaketa>

[2026-05-06 16:37:00 #23 type.registry] 
New type java.util.ArrayList<domain.Erreklamazioa>

------------------------------------------------------------------------------------------------------------------------

[2026-05-06 16:38:32 #1 store] 
Database 'C:\Users\marti\git\proiektuaSI\src\main\resources\products.temp' is opened by 24240@Asus-Martín

[2026-05-06 16:38:32 #2 type.registry] 
New type domain.User

[2026-05-06 16:38:32 #3 type] 
Type domain.User is not enhanced.

[2026-05-06 16:38:32 #4 type.registry] 
New type domain.Erreklamazioa

[2026-05-06 16:38:32 #5 type.registry] 
New type domain.Salaketa

[2026-05-06 16:38:32 #6 type.registry] 
New type domain.Mugimendua

[2026-05-06 16:38:32 #7 type.registry] 
New type domain.Sale

[2026-05-06 16:38:32 #8 type.registry] 
New type domain.Txartela

[2026-05-06 16:38:32 #9 type] 
Type domain.Erreklamazioa is not enhanced.

[2026-05-06 16:38:32 #10 type] 
Type domain.Salaketa is not enhanced.

[2026-05-06 16:38:32 #11 type] 
Type domain.Mugimendua is not enhanced.

[2026-05-06 16:38:32 #12 type] 
Type domain.Sale is not enhanced.

[2026-05-06 16:38:32 #13 type.registry] 
New type domain.Notifikazioa

[2026-05-06 16:38:32 #14 type] 
Type domain.Txartela is not enhanced.

[2026-05-06 16:38:32 #15 type] 
Type domain.Notifikazioa is not enhanced.

[2026-05-06 16:38:32 #16 type.registry] 
New type domain.Arduraduna

[2026-05-06 16:38:32 #17 type] 
Type domain.Arduraduna is not enhanced.

[2026-05-06 16:38:32 #18 type.registry] 
New type java.util.ArrayList<java.lang.Object>

[2026-05-06 16:38:32 #19 type.registry] 
New type java.util.ArrayList<java.lang.String>

[2026-05-06 16:38:32 #20 type.registry] 
New type java.util.ArrayList<domain.Sale>

[2026-05-06 16:38:32 #21 type.registry] 
New type java.util.ArrayList<domain.Mugimendua>

[2026-05-06 16:38:32 #22 type.registry] 
New type java.util.ArrayList<domain.Salaketa>

[2026-05-06 16:38:32 #23 type.registry] 
New type java.util.ArrayList<domain.Erreklamazioa>

------------------------------------------------------------------------------------------------------------------------

[2026-05-06 16:49:10 #1 store] 
Database 'C:\Users\marti\git\proiektuaSI\src\main\resources\products.temp' is opened by 4400@Asus-Martín

[2026-05-06 16:49:10 #2 type.registry] 
New type domain.User

[2026-05-06 16:49:10 #3 type] 
Type domain.User is not enhanced.

[2026-05-06 16:49:10 #4 type.registry] 
New type domain.Erreklamazioa

[2026-05-06 16:49:10 #5 type.registry] 
New type domain.Salaketa

[2026-05-06 16:49:10 #6 type.registry] 
New type domain.Mugimendua

[2026-05-06 16:49:10 #7 type.registry] 
New type domain.Sale

[2026-05-06 16:49:10 #8 type.registry] 
New type domain.Txartela

[2026-05-06 16:49:10 #9 type] 
Type domain.Erreklamazioa is not enhanced.

[2026-05-06 16:49:10 #10 type] 
Type domain.Salaketa is not enhanced.

[2026-05-06 16:49:10 #11 type] 
Type domain.Mugimendua is not enhanced.

[2026-05-06 16:49:10 #12 type] 
Type domain.Sale is not enhanced.

[2026-05-06 16:49:10 #13 type.registry] 
New type domain.Notifikazioa

[2026-05-06 16:49:10 #14 type] 
Type domain.Txartela is not enhanced.

[2026-05-06 16:49:10 #15 type] 
Type domain.Notifikazioa is not enhanced.

[2026-05-06 16:49:10 #16 type.registry] 
New type domain.Arduraduna

[2026-05-06 16:49:10 #17 type] 
Type domain.Arduraduna is not enhanced.

[2026-05-06 16:49:10 #18 type.registry] 
New type java.util.ArrayList<java.lang.Object>

[2026-05-06 16:49:10 #19 type.registry] 
New type java.util.ArrayList<java.lang.String>

[2026-05-06 16:49:10 #20 type.registry] 
New type java.util.ArrayList<domain.Sale>

[2026-05-06 16:49:10 #21 type.registry] 
New type java.util.ArrayList<domain.Mugimendua>

[2026-05-06 16:49:10 #22 type.registry] 
New type java.util.ArrayList<domain.Salaketa>

[2026-05-06 16:49:10 #23 type.registry] 
New type java.util.ArrayList<domain.Erreklamazioa>

------------------------------------------------------------------------------------------------------------------------

[2026-05-06 16:52:37 #1 store] 
Database 'C:\Users\marti\git\proiektuaSI\src\main\resources\products.temp' is opened by 20468@Asus-Martín

[2026-05-06 16:52:38 #2 type.registry] 
New type domain.User

[2026-05-06 16:52:38 #3 type] 
Type domain.User is not enhanced.

[2026-05-06 16:52:38 #4 type.registry] 
New type domain.Erreklamazioa

[2026-05-06 16:52:38 #5 type.registry] 
New type domain.Salaketa

[2026-05-06 16:52:38 #6 type.registry] 
New type domain.Mugimendua

[2026-05-06 16:52:38 #7 type.registry] 
New type domain.Sale

[2026-05-06 16:52:38 #8 type.registry] 
New type domain.Txartela

[2026-05-06 16:52:38 #9 type] 
Type domain.Erreklamazioa is not enhanced.

[2026-05-06 16:52:38 #10 type] 
Type domain.Salaketa is not enhanced.

[2026-05-06 16:52:38 #11 type] 
Type domain.Mugimendua is not enhanced.

[2026-05-06 16:52:38 #12 type] 
Type domain.Sale is not enhanced.

[2026-05-06 16:52:38 #13 type.registry] 
New type domain.Notifikazioa

[2026-05-06 16:52:38 #14 type] 
Type domain.Txartela is not enhanced.

[2026-05-06 16:52:38 #15 type] 
Type domain.Notifikazioa is not enhanced.

[2026-05-06 16:52:38 #16 type.registry] 
New type domain.Arduraduna

[2026-05-06 16:52:38 #17 type] 
Type domain.Arduraduna is not enhanced.

[2026-05-06 16:52:38 #18 type.registry] 
New type java.util.ArrayList<java.lang.Object>

[2026-05-06 16:52:38 #19 type.registry] 
New type java.util.ArrayList<java.lang.String>

[2026-05-06 16:52:38 #20 type.registry] 
New type java.util.ArrayList<domain.Sale>

[2026-05-06 16:52:38 #21 type.registry] 
New type java.util.ArrayList<domain.Mugimendua>

[2026-05-06 16:52:38 #22 type.registry] 
New type java.util.ArrayList<domain.Salaketa>

[2026-05-06 16:52:38 #23 type.registry] 
New type java.util.ArrayList<domain.Erreklamazioa>

------------------------------------------------------------------------------------------------------------------------

[2026-05-06 17:10:10 #1 store] 
Database 'C:\Users\marti\git\proiektuaSI\src\main\resources\products.temp' is opened by 11036@Asus-Martín

[2026-05-06 17:10:10 #2 type.registry] 
New type domain.User

[2026-05-06 17:10:10 #3 type] 
Type domain.User is not enhanced.

[2026-05-06 17:10:10 #4 type.registry] 
New type domain.Erreklamazioa

[2026-05-06 17:10:10 #5 type.registry] 
New type domain.Salaketa

[2026-05-06 17:10:10 #6 type.registry] 
New type domain.Mugimendua

[2026-05-06 17:10:10 #7 type.registry] 
New type domain.Sale

[2026-05-06 17:10:10 #8 type.registry] 
New type domain.Txartela

[2026-05-06 17:10:10 #9 type] 
Type domain.Erreklamazioa is not enhanced.

[2026-05-06 17:10:10 #10 type] 
Type domain.Salaketa is not enhanced.

[2026-05-06 17:10:10 #11 type] 
Type domain.Mugimendua is not enhanced.

[2026-05-06 17:10:10 #12 type] 
Type domain.Sale is not enhanced.

[2026-05-06 17:10:10 #13 type.registry] 
New type domain.Notifikazioa

[2026-05-06 17:10:10 #14 type] 
Type domain.Txartela is not enhanced.

[2026-05-06 17:10:10 #15 type] 
Type domain.Notifikazioa is not enhanced.

[2026-05-06 17:10:10 #16 type.registry] 
New type domain.Arduraduna

[2026-05-06 17:10:10 #17 type] 
Type domain.Arduraduna is not enhanced.

[2026-05-06 17:10:10 #18 type.registry] 
New type java.util.ArrayList<java.lang.Object>

[2026-05-06 17:10:10 #19 type.registry] 
New type java.util.ArrayList<java.lang.String>

[2026-05-06 17:10:10 #20 type.registry] 
New type java.util.ArrayList<domain.Sale>

[2026-05-06 17:10:10 #21 type.registry] 
New type java.util.ArrayList<domain.Mugimendua>

[2026-05-06 17:10:10 #22 type.registry] 
New type java.util.ArrayList<domain.Salaketa>

[2026-05-06 17:10:10 #23 type.registry] 
New type java.util.ArrayList<domain.Erreklamazioa>

------------------------------------------------------------------------------------------------------------------------

[2026-05-06 17:15:07 #1 store] 
Database 'C:\Users\marti\git\proiektuaSI\src\main\resources\products.temp' is opened by 19088@Asus-Martín

[2026-05-06 17:15:07 #2 type.registry] 
New type domain.User

[2026-05-06 17:15:07 #3 type] 
Type domain.User is not enhanced.

[2026-05-06 17:15:07 #4 type.registry] 
New type domain.Erreklamazioa

[2026-05-06 17:15:07 #5 type.registry] 
New type domain.Salaketa

[2026-05-06 17:15:07 #6 type.registry] 
New type domain.Mugimendua

[2026-05-06 17:15:07 #7 type.registry] 
New type domain.Sale

[2026-05-06 17:15:07 #8 type.registry] 
New type domain.Txartela

[2026-05-06 17:15:07 #9 type] 
Type domain.Erreklamazioa is not enhanced.

[2026-05-06 17:15:07 #10 type] 
Type domain.Salaketa is not enhanced.

[2026-05-06 17:15:07 #11 type] 
Type domain.Mugimendua is not enhanced.

[2026-05-06 17:15:07 #12 type] 
Type domain.Sale is not enhanced.

[2026-05-06 17:15:07 #13 type.registry] 
New type domain.Notifikazioa

[2026-05-06 17:15:07 #14 type] 
Type domain.Txartela is not enhanced.

[2026-05-06 17:15:07 #15 type] 
Type domain.Notifikazioa is not enhanced.

[2026-05-06 17:15:07 #16 type.registry] 
New type domain.Arduraduna

[2026-05-06 17:15:07 #17 type] 
Type domain.Arduraduna is not enhanced.

[2026-05-06 17:15:07 #18 type.registry] 
New type java.util.ArrayList<java.lang.Object>

[2026-05-06 17:15:07 #19 type.registry] 
New type java.util.ArrayList<java.lang.String>

[2026-05-06 17:15:07 #20 type.registry] 
New type java.util.ArrayList<domain.Sale>

[2026-05-06 17:15:07 #21 type.registry] 
New type java.util.ArrayList<domain.Mugimendua>

[2026-05-06 17:15:07 #22 type.registry] 
New type java.util.ArrayList<domain.Salaketa>

[2026-05-06 17:15:07 #23 type.registry] 
New type java.util.ArrayList<domain.Erreklamazioa>

------------------------------------------------------------------------------------------------------------------------

[2026-05-06 17:15:44 #1 store] 
Database 'C:\Users\marti\git\proiektuaSI\src\main\resources\products.temp' is opened by 24000@Asus-Martín

[2026-05-06 17:15:45 #2 type.registry] 
New type domain.User

[2026-05-06 17:15:45 #3 type] 
Type domain.User is not enhanced.

[2026-05-06 17:15:45 #4 type.registry] 
New type domain.Erreklamazioa

[2026-05-06 17:15:45 #5 type.registry] 
New type domain.Salaketa

[2026-05-06 17:15:45 #6 type.registry] 
New type domain.Mugimendua

[2026-05-06 17:15:45 #7 type.registry] 
New type domain.Sale

[2026-05-06 17:15:45 #8 type.registry] 
New type domain.Txartela

[2026-05-06 17:15:45 #9 type] 
Type domain.Erreklamazioa is not enhanced.

[2026-05-06 17:15:45 #10 type] 
Type domain.Salaketa is not enhanced.

[2026-05-06 17:15:45 #11 type] 
Type domain.Mugimendua is not enhanced.

[2026-05-06 17:15:45 #12 type] 
Type domain.Sale is not enhanced.

[2026-05-06 17:15:45 #13 type.registry] 
New type domain.Notifikazioa

[2026-05-06 17:15:45 #14 type] 
Type domain.Txartela is not enhanced.

[2026-05-06 17:15:45 #15 type] 
Type domain.Notifikazioa is not enhanced.

[2026-05-06 17:15:45 #16 type.registry] 
New type domain.Arduraduna

[2026-05-06 17:15:45 #17 type] 
Type domain.Arduraduna is not enhanced.

[2026-05-06 17:15:45 #18 type.registry] 
New type java.util.ArrayList<java.lang.Object>

[2026-05-06 17:15:45 #19 type.registry] 
New type java.util.ArrayList<java.lang.String>

[2026-05-06 17:15:45 #20 type.registry] 
New type java.util.ArrayList<domain.Sale>

[2026-05-06 17:15:45 #21 type.registry] 
New type java.util.ArrayList<domain.Mugimendua>

[2026-05-06 17:15:45 #22 type.registry] 
New type java.util.ArrayList<domain.Salaketa>

[2026-05-06 17:15:45 #23 type.registry] 
New type java.util.ArrayList<domain.Erreklamazioa>

