------------------------------------------------------------------------------------------------------------------------

[2026-05-04 10:25:26 #1 store] 
Database '/home/bolo/git/lehenbizikoIterazioa/src/main/resources/products.temp' is opened by 7723@ubuntu

[2026-05-04 10:25:26 #2 type] 
Type domain.User is not enhanced.

[2026-05-04 10:25:26 #3 type] 
Type domain.Erreklamazioa is not enhanced.

[2026-05-04 10:25:26 #4 type] 
Type domain.Salaketa is not enhanced.

[2026-05-04 10:25:26 #5 type] 
Type domain.Mugimendua is not enhanced.

[2026-05-04 10:25:26 #6 type] 
Type domain.Sale is not enhanced.

[2026-05-04 10:25:27 #7 type] 
Type domain.Txartela is not enhanced.

[2026-05-04 10:25:27 #8 type] 
Type domain.Notifikazioa is not enhanced.

[2026-05-04 10:25:27 #9 type] 
Type domain.Arduraduna is not enhanced.

------------------------------------------------------------------------------------------------------------------------

[2026-05-04 10:26:49 #1 store] 
Database '/home/bolo/git/lehenbizikoIterazioa/src/main/resources/products.temp' is opened by 10342@ubuntu

[2026-05-04 10:26:49 #2 type] 
Type domain.User is not enhanced.

[2026-05-04 10:26:49 #3 type] 
Type domain.Erreklamazioa is not enhanced.

[2026-05-04 10:26:49 #4 type] 
Type domain.Salaketa is not enhanced.

[2026-05-04 10:26:49 #5 type] 
Type domain.Mugimendua is not enhanced.

[2026-05-04 10:26:49 #6 type] 
Type domain.Sale is not enhanced.

[2026-05-04 10:26:49 #7 type] 
Type domain.Txartela is not enhanced.

[2026-05-04 10:26:49 #8 type] 
Type domain.Notifikazioa is not enhanced.

[2026-05-04 10:26:49 #9 type] 
Type domain.Arduraduna is not enhanced.

------------------------------------------------------------------------------------------------------------------------

[2026-05-04 10:36:26 #1 store] 
Database '/home/bolo/git/lehenbizikoIterazioa/src/main/resources/products.temp' has been recovered (tr. 12-16)

[2026-05-04 10:36:26 #2 store] 
Database '/home/bolo/git/lehenbizikoIterazioa/src/main/resources/products.temp' is opened by 11623@ubuntu

[2026-05-04 10:36:26 #3 type] 
Type domain.User is not enhanced.

[2026-05-04 10:36:26 #4 type] 
Type domain.Erreklamazioa is not enhanced.

[2026-05-04 10:36:26 #5 type] 
Type domain.Salaketa is not enhanced.

[2026-05-04 10:36:26 #6 type] 
Type domain.Mugimendua is not enhanced.

[2026-05-04 10:36:26 #7 type] 
Type domain.Sale is not enhanced.

[2026-05-04 10:36:26 #8 type] 
Type domain.Txartela is not enhanced.

[2026-05-04 10:36:26 #9 type] 
Type domain.Notifikazioa is not enhanced.

[2026-05-04 10:36:26 #10 type] 
Type domain.Arduraduna is not enhanced.

------------------------------------------------------------------------------------------------------------------------

[2026-05-04 10:37:24 #1 store] 
Database '/home/bolo/git/lehenbizikoIterazioa/src/main/resources/products.temp' is opened by 11843@ubuntu

[2026-05-04 10:37:24 #2 type.registry] 
New type domain.User

[2026-05-04 10:37:24 #3 type] 
Type domain.User is not enhanced.

[2026-05-04 10:37:24 #4 type.registry] 
New type domain.Erreklamazioa

[2026-05-04 10:37:24 #5 type.registry] 
New type domain.Salaketa

[2026-05-04 10:37:24 #6 type.registry] 
New type domain.Mugimendua

[2026-05-04 10:37:24 #7 type.registry] 
New type domain.Sale

[2026-05-04 10:37:24 #8 type.registry] 
New type domain.Txartela

[2026-05-04 10:37:24 #9 type] 
Type domain.Erreklamazioa is not enhanced.

[2026-05-04 10:37:24 #10 type] 
Type domain.Salaketa is not enhanced.

[2026-05-04 10:37:24 #11 type] 
Type domain.Mugimendua is not enhanced.

[2026-05-04 10:37:24 #12 type] 
Type domain.Sale is not enhanced.

[2026-05-04 10:37:24 #13 type.registry] 
New type domain.Notifikazioa

[2026-05-04 10:37:24 #14 type] 
Type domain.Txartela is not enhanced.

[2026-05-04 10:37:24 #15 type] 
Type domain.Notifikazioa is not enhanced.

[2026-05-04 10:37:24 #16 type.registry] 
New type domain.Arduraduna

[2026-05-04 10:37:24 #17 type] 
Type domain.Arduraduna is not enhanced.

[2026-05-04 10:37:24 #18 type.registry] 
New type java.util.ArrayList<java.lang.Object>

[2026-05-04 10:37:24 #19 type.registry] 
New type java.util.ArrayList<java.lang.String>

[2026-05-04 10:37:24 #20 type.registry] 
New type java.util.ArrayList<domain.Sale>

[2026-05-04 10:37:24 #21 type.registry] 
New type java.util.ArrayList<domain.Mugimendua>

[2026-05-04 10:37:24 #22 type.registry] 
New type java.util.ArrayList<domain.Salaketa>

[2026-05-04 10:37:24 #23 type.registry] 
New type java.util.ArrayList<domain.Erreklamazioa>

------------------------------------------------------------------------------------------------------------------------

[2026-05-04 10:39:05 #1 store] 
Database '/home/bolo/git/lehenbizikoIterazioa/src/main/resources/products.temp' is opened by 11957@ubuntu

[2026-05-04 10:39:06 #2 type.registry] 
New type domain.User

[2026-05-04 10:39:06 #3 type] 
Type domain.User is not enhanced.

[2026-05-04 10:39:06 #4 type.registry] 
New type domain.Erreklamazioa

[2026-05-04 10:39:06 #5 type.registry] 
New type domain.Salaketa

[2026-05-04 10:39:06 #6 type.registry] 
New type domain.Mugimendua

[2026-05-04 10:39:06 #7 type.registry] 
New type domain.Sale

[2026-05-04 10:39:06 #8 type.registry] 
New type domain.Txartela

[2026-05-04 10:39:06 #9 type] 
Type domain.Erreklamazioa is not enhanced.

[2026-05-04 10:39:06 #10 type] 
Type domain.Salaketa is not enhanced.

[2026-05-04 10:39:06 #11 type] 
Type domain.Mugimendua is not enhanced.

[2026-05-04 10:39:06 #12 type] 
Type domain.Sale is not enhanced.

[2026-05-04 10:39:06 #13 type.registry] 
New type domain.Notifikazioa

[2026-05-04 10:39:06 #14 type] 
Type domain.Txartela is not enhanced.

[2026-05-04 10:39:06 #15 type] 
Type domain.Notifikazioa is not enhanced.

[2026-05-04 10:39:06 #16 type.registry] 
New type domain.Arduraduna

[2026-05-04 10:39:06 #17 type] 
Type domain.Arduraduna is not enhanced.

[2026-05-04 10:39:06 #18 type.registry] 
New type java.util.ArrayList<java.lang.Object>

[2026-05-04 10:39:06 #19 type.registry] 
New type java.util.ArrayList<java.lang.String>

[2026-05-04 10:39:06 #20 type.registry] 
New type java.util.ArrayList<domain.Sale>

[2026-05-04 10:39:06 #21 type.registry] 
New type java.util.ArrayList<domain.Mugimendua>

[2026-05-04 10:39:06 #22 type.registry] 
New type java.util.ArrayList<domain.Salaketa>

[2026-05-04 10:39:06 #23 type.registry] 
New type java.util.ArrayList<domain.Erreklamazioa>

------------------------------------------------------------------------------------------------------------------------

[2026-05-04 11:10:34 #1 store] 
Database '/home/bolo/git/lehenbizikoIterazioa/src/main/resources/products.temp' has been recovered (tr. 1-11)

[2026-05-04 11:10:34 #2 store] 
Database '/home/bolo/git/lehenbizikoIterazioa/src/main/resources/products.temp' is opened by 14754@ubuntu

[2026-05-04 11:10:35 #3 type] 
Type domain.User is not enhanced.

[2026-05-04 11:10:35 #4 type] 
Type domain.Erreklamazioa is not enhanced.

[2026-05-04 11:10:35 #5 type] 
Type domain.Salaketa is not enhanced.

[2026-05-04 11:10:35 #6 type] 
Type domain.Mugimendua is not enhanced.

[2026-05-04 11:10:35 #7 type] 
Type domain.Sale is not enhanced.

[2026-05-04 11:10:35 #8 type] 
Type domain.Txartela is not enhanced.

[2026-05-04 11:10:35 #9 type] 
Type domain.Notifikazioa is not enhanced.

[2026-05-04 11:10:35 #10 type] 
Type domain.Arduraduna is not enhanced.

------------------------------------------------------------------------------------------------------------------------

[2026-05-04 11:10:45 #1 store] 
Database '/home/bolo/git/lehenbizikoIterazioa/src/main/resources/products.temp' is opened by 14826@ubuntu

[2026-05-04 11:10:45 #2 type.registry] 
New type domain.User

[2026-05-04 11:10:45 #3 type] 
Type domain.User is not enhanced.

[2026-05-04 11:10:45 #4 type.registry] 
New type domain.Erreklamazioa

[2026-05-04 11:10:45 #5 type.registry] 
New type domain.Salaketa

[2026-05-04 11:10:45 #6 type.registry] 
New type domain.Mugimendua

[2026-05-04 11:10:46 #7 type.registry] 
New type domain.Sale

[2026-05-04 11:10:46 #8 type.registry] 
New type domain.Txartela

[2026-05-04 11:10:46 #9 type] 
Type domain.Erreklamazioa is not enhanced.

[2026-05-04 11:10:46 #10 type] 
Type domain.Salaketa is not enhanced.

[2026-05-04 11:10:46 #11 type] 
Type domain.Mugimendua is not enhanced.

[2026-05-04 11:10:46 #12 type] 
Type domain.Sale is not enhanced.

[2026-05-04 11:10:46 #13 type.registry] 
New type domain.Notifikazioa

[2026-05-04 11:10:46 #14 type] 
Type domain.Txartela is not enhanced.

[2026-05-04 11:10:46 #15 type] 
Type domain.Notifikazioa is not enhanced.

[2026-05-04 11:10:46 #16 type.registry] 
New type domain.Arduraduna

[2026-05-04 11:10:46 #17 type] 
Type domain.Arduraduna is not enhanced.

[2026-05-04 11:10:46 #18 type.registry] 
New type java.util.ArrayList<java.lang.Object>

[2026-05-04 11:10:46 #19 type.registry] 
New type java.util.ArrayList<java.lang.String>

[2026-05-04 11:10:46 #20 type.registry] 
New type java.util.ArrayList<domain.Sale>

[2026-05-04 11:10:46 #21 type.registry] 
New type java.util.ArrayList<domain.Mugimendua>

[2026-05-04 11:10:46 #22 type.registry] 
New type java.util.ArrayList<domain.Salaketa>

[2026-05-04 11:10:46 #23 type.registry] 
New type java.util.ArrayList<domain.Erreklamazioa>

------------------------------------------------------------------------------------------------------------------------

[2026-05-04 11:14:18 #1 store] 
Database '/home/bolo/git/lehenbizikoIterazioa/src/main/resources/products.temp' is opened by 15361@ubuntu

[2026-05-04 11:14:18 #2 type.registry] 
New type domain.User

[2026-05-04 11:14:18 #3 type] 
Type domain.User is not enhanced.

[2026-05-04 11:14:18 #4 type.registry] 
New type domain.Erreklamazioa

[2026-05-04 11:14:18 #5 type.registry] 
New type domain.Salaketa

[2026-05-04 11:14:18 #6 type.registry] 
New type domain.Mugimendua

[2026-05-04 11:14:18 #7 type.registry] 
New type domain.Sale

[2026-05-04 11:14:18 #8 type.registry] 
New type domain.Txartela

[2026-05-04 11:14:18 #9 type] 
Type domain.Erreklamazioa is not enhanced.

[2026-05-04 11:14:18 #10 type] 
Type domain.Salaketa is not enhanced.

[2026-05-04 11:14:18 #11 type] 
Type domain.Mugimendua is not enhanced.

[2026-05-04 11:14:18 #12 type] 
Type domain.Sale is not enhanced.

[2026-05-04 11:14:18 #13 type.registry] 
New type domain.Notifikazioa

[2026-05-04 11:14:18 #14 type] 
Type domain.Txartela is not enhanced.

[2026-05-04 11:14:18 #15 type] 
Type domain.Notifikazioa is not enhanced.

[2026-05-04 11:14:18 #16 type.registry] 
New type domain.Arduraduna

[2026-05-04 11:14:18 #17 type] 
Type domain.Arduraduna is not enhanced.

[2026-05-04 11:14:18 #18 type.registry] 
New type java.util.ArrayList<java.lang.Object>

[2026-05-04 11:14:18 #19 type.registry] 
New type java.util.ArrayList<java.lang.String>

[2026-05-04 11:14:18 #20 type.registry] 
New type java.util.ArrayList<domain.Sale>

[2026-05-04 11:14:18 #21 type.registry] 
New type java.util.ArrayList<domain.Mugimendua>

[2026-05-04 11:14:18 #22 type.registry] 
New type java.util.ArrayList<domain.Salaketa>

[2026-05-04 11:14:18 #23 type.registry] 
New type java.util.ArrayList<domain.Erreklamazioa>

------------------------------------------------------------------------------------------------------------------------

[2026-05-04 11:14:22 #1 store] 
Database '/home/bolo/git/lehenbizikoIterazioa/src/main/resources/products.temp' is opened by 15412@ubuntu

[2026-05-04 11:14:22 #2 type.registry] 
New type domain.User

[2026-05-04 11:14:22 #3 type] 
Type domain.User is not enhanced.

[2026-05-04 11:14:22 #4 type.registry] 
New type domain.Erreklamazioa

[2026-05-04 11:14:22 #5 type.registry] 
New type domain.Salaketa

[2026-05-04 11:14:22 #6 type.registry] 
New type domain.Mugimendua

[2026-05-04 11:14:22 #7 type.registry] 
New type domain.Sale

[2026-05-04 11:14:22 #8 type.registry] 
New type domain.Txartela

[2026-05-04 11:14:22 #9 type] 
Type domain.Erreklamazioa is not enhanced.

[2026-05-04 11:14:22 #10 type] 
Type domain.Salaketa is not enhanced.

[2026-05-04 11:14:22 #11 type] 
Type domain.Mugimendua is not enhanced.

[2026-05-04 11:14:22 #12 type] 
Type domain.Sale is not enhanced.

[2026-05-04 11:14:22 #13 type.registry] 
New type domain.Notifikazioa

[2026-05-04 11:14:22 #14 type] 
Type domain.Txartela is not enhanced.

[2026-05-04 11:14:22 #15 type] 
Type domain.Notifikazioa is not enhanced.

[2026-05-04 11:14:22 #16 type.registry] 
New type domain.Arduraduna

[2026-05-04 11:14:22 #17 type] 
Type domain.Arduraduna is not enhanced.

[2026-05-04 11:14:23 #18 type.registry] 
New type java.util.ArrayList<java.lang.Object>

[2026-05-04 11:14:23 #19 type.registry] 
New type java.util.ArrayList<java.lang.String>

[2026-05-04 11:14:23 #20 type.registry] 
New type java.util.ArrayList<domain.Sale>

[2026-05-04 11:14:23 #21 type.registry] 
New type java.util.ArrayList<domain.Mugimendua>

[2026-05-04 11:14:23 #22 type.registry] 
New type java.util.ArrayList<domain.Salaketa>

[2026-05-04 11:14:23 #23 type.registry] 
New type java.util.ArrayList<domain.Erreklamazioa>

------------------------------------------------------------------------------------------------------------------------

[2026-05-04 11:14:36 #1 store] 
Database '/home/bolo/git/lehenbizikoIterazioa/src/main/resources/products.temp' is opened by 15568@ubuntu

[2026-05-04 11:14:36 #2 type.registry] 
New type domain.User

[2026-05-04 11:14:36 #3 type] 
Type domain.User is not enhanced.

[2026-05-04 11:14:36 #4 type.registry] 
New type domain.Erreklamazioa

[2026-05-04 11:14:36 #5 type.registry] 
New type domain.Salaketa

[2026-05-04 11:14:36 #6 type.registry] 
New type domain.Mugimendua

[2026-05-04 11:14:36 #7 type.registry] 
New type domain.Sale

[2026-05-04 11:14:36 #8 type.registry] 
New type domain.Txartela

[2026-05-04 11:14:36 #9 type] 
Type domain.Erreklamazioa is not enhanced.

[2026-05-04 11:14:36 #10 type] 
Type domain.Salaketa is not enhanced.

[2026-05-04 11:14:36 #11 type] 
Type domain.Mugimendua is not enhanced.

[2026-05-04 11:14:36 #12 type] 
Type domain.Sale is not enhanced.

[2026-05-04 11:14:36 #13 type.registry] 
New type domain.Notifikazioa

[2026-05-04 11:14:36 #14 type] 
Type domain.Txartela is not enhanced.

[2026-05-04 11:14:36 #15 type] 
Type domain.Notifikazioa is not enhanced.

[2026-05-04 11:14:36 #16 type.registry] 
New type domain.Arduraduna

[2026-05-04 11:14:36 #17 type] 
Type domain.Arduraduna is not enhanced.

[2026-05-04 11:14:36 #18 type.registry] 
New type java.util.ArrayList<java.lang.Object>

[2026-05-04 11:14:36 #19 type.registry] 
New type java.util.ArrayList<java.lang.String>

[2026-05-04 11:14:36 #20 type.registry] 
New type java.util.ArrayList<domain.Sale>

[2026-05-04 11:14:36 #21 type.registry] 
New type java.util.ArrayList<domain.Mugimendua>

[2026-05-04 11:14:36 #22 type.registry] 
New type java.util.ArrayList<domain.Salaketa>

[2026-05-04 11:14:36 #23 type.registry] 
New type java.util.ArrayList<domain.Erreklamazioa>

------------------------------------------------------------------------------------------------------------------------

[2026-05-04 11:14:40 #1 store] 
Database '/home/bolo/git/lehenbizikoIterazioa/src/main/resources/products.temp' is opened by 15612@ubuntu

[2026-05-04 11:14:40 #2 type.registry] 
New type domain.User

[2026-05-04 11:14:40 #3 type] 
Type domain.User is not enhanced.

[2026-05-04 11:14:40 #4 type.registry] 
New type domain.Erreklamazioa

[2026-05-04 11:14:40 #5 type.registry] 
New type domain.Salaketa

[2026-05-04 11:14:40 #6 type.registry] 
New type domain.Mugimendua

[2026-05-04 11:14:40 #7 type.registry] 
New type domain.Sale

[2026-05-04 11:14:40 #8 type.registry] 
New type domain.Txartela

[2026-05-04 11:14:40 #9 type] 
Type domain.Erreklamazioa is not enhanced.

[2026-05-04 11:14:40 #10 type] 
Type domain.Salaketa is not enhanced.

[2026-05-04 11:14:40 #11 type] 
Type domain.Mugimendua is not enhanced.

[2026-05-04 11:14:40 #12 type] 
Type domain.Sale is not enhanced.

[2026-05-04 11:14:40 #13 type.registry] 
New type domain.Notifikazioa

[2026-05-04 11:14:40 #14 type] 
Type domain.Txartela is not enhanced.

[2026-05-04 11:14:40 #15 type] 
Type domain.Notifikazioa is not enhanced.

[2026-05-04 11:14:40 #16 type.registry] 
New type domain.Arduraduna

[2026-05-04 11:14:40 #17 type] 
Type domain.Arduraduna is not enhanced.

[2026-05-04 11:14:40 #18 type.registry] 
New type java.util.ArrayList<java.lang.Object>

[2026-05-04 11:14:40 #19 type.registry] 
New type java.util.ArrayList<java.lang.String>

[2026-05-04 11:14:40 #20 type.registry] 
New type java.util.ArrayList<domain.Sale>

[2026-05-04 11:14:40 #21 type.registry] 
New type java.util.ArrayList<domain.Mugimendua>

[2026-05-04 11:14:40 #22 type.registry] 
New type java.util.ArrayList<domain.Salaketa>

[2026-05-04 11:14:40 #23 type.registry] 
New type java.util.ArrayList<domain.Erreklamazioa>

------------------------------------------------------------------------------------------------------------------------

[2026-05-04 11:14:43 #1 store] 
Database '/home/bolo/git/lehenbizikoIterazioa/src/main/resources/products.temp' is opened by 15654@ubuntu

[2026-05-04 11:14:43 #2 type.registry] 
New type domain.User

[2026-05-04 11:14:43 #3 type] 
Type domain.User is not enhanced.

[2026-05-04 11:14:43 #4 type.registry] 
New type domain.Erreklamazioa

[2026-05-04 11:14:43 #5 type.registry] 
New type domain.Salaketa

[2026-05-04 11:14:43 #6 type.registry] 
New type domain.Mugimendua

[2026-05-04 11:14:43 #7 type.registry] 
New type domain.Sale

[2026-05-04 11:14:43 #8 type.registry] 
New type domain.Txartela

[2026-05-04 11:14:43 #9 type] 
Type domain.Erreklamazioa is not enhanced.

[2026-05-04 11:14:43 #10 type] 
Type domain.Salaketa is not enhanced.

[2026-05-04 11:14:43 #11 type] 
Type domain.Mugimendua is not enhanced.

[2026-05-04 11:14:43 #12 type] 
Type domain.Sale is not enhanced.

[2026-05-04 11:14:43 #13 type.registry] 
New type domain.Notifikazioa

[2026-05-04 11:14:43 #14 type] 
Type domain.Txartela is not enhanced.

[2026-05-04 11:14:43 #15 type] 
Type domain.Notifikazioa is not enhanced.

[2026-05-04 11:14:43 #16 type.registry] 
New type domain.Arduraduna

[2026-05-04 11:14:43 #17 type] 
Type domain.Arduraduna is not enhanced.

[2026-05-04 11:14:43 #18 type.registry] 
New type java.util.ArrayList<java.lang.Object>

[2026-05-04 11:14:43 #19 type.registry] 
New type java.util.ArrayList<java.lang.String>

[2026-05-04 11:14:43 #20 type.registry] 
New type java.util.ArrayList<domain.Sale>

[2026-05-04 11:14:43 #21 type.registry] 
New type java.util.ArrayList<domain.Mugimendua>

[2026-05-04 11:14:43 #22 type.registry] 
New type java.util.ArrayList<domain.Salaketa>

[2026-05-04 11:14:43 #23 type.registry] 
New type java.util.ArrayList<domain.Erreklamazioa>

------------------------------------------------------------------------------------------------------------------------

[2026-05-04 11:14:49 #1 store] 
Database '/home/bolo/git/lehenbizikoIterazioa/src/main/resources/products.temp' is opened by 15700@ubuntu

[2026-05-04 11:14:49 #2 type.registry] 
New type domain.User

[2026-05-04 11:14:49 #3 type] 
Type domain.User is not enhanced.

[2026-05-04 11:14:49 #4 type.registry] 
New type domain.Erreklamazioa

[2026-05-04 11:14:49 #5 type.registry] 
New type domain.Salaketa

[2026-05-04 11:14:49 #6 type.registry] 
New type domain.Mugimendua

[2026-05-04 11:14:49 #7 type.registry] 
New type domain.Sale

[2026-05-04 11:14:49 #8 type.registry] 
New type domain.Txartela

[2026-05-04 11:14:49 #9 type] 
Type domain.Erreklamazioa is not enhanced.

[2026-05-04 11:14:49 #10 type] 
Type domain.Salaketa is not enhanced.

[2026-05-04 11:14:49 #11 type] 
Type domain.Mugimendua is not enhanced.

[2026-05-04 11:14:49 #12 type] 
Type domain.Sale is not enhanced.

[2026-05-04 11:14:49 #13 type.registry] 
New type domain.Notifikazioa

[2026-05-04 11:14:49 #14 type] 
Type domain.Txartela is not enhanced.

[2026-05-04 11:14:49 #15 type] 
Type domain.Notifikazioa is not enhanced.

[2026-05-04 11:14:49 #16 type.registry] 
New type domain.Arduraduna

[2026-05-04 11:14:49 #17 type] 
Type domain.Arduraduna is not enhanced.

[2026-05-04 11:14:49 #18 type.registry] 
New type java.util.ArrayList<java.lang.Object>

[2026-05-04 11:14:49 #19 type.registry] 
New type java.util.ArrayList<java.lang.String>

[2026-05-04 11:14:49 #20 type.registry] 
New type java.util.ArrayList<domain.Sale>

[2026-05-04 11:14:49 #21 type.registry] 
New type java.util.ArrayList<domain.Mugimendua>

[2026-05-04 11:14:49 #22 type.registry] 
New type java.util.ArrayList<domain.Salaketa>

[2026-05-04 11:14:49 #23 type.registry] 
New type java.util.ArrayList<domain.Erreklamazioa>

------------------------------------------------------------------------------------------------------------------------

[2026-05-04 11:14:51 #1 store] 
Database '/home/bolo/git/lehenbizikoIterazioa/src/main/resources/products.temp' is opened by 15737@ubuntu

[2026-05-04 11:14:51 #2 type.registry] 
New type domain.User

[2026-05-04 11:14:51 #3 type] 
Type domain.User is not enhanced.

[2026-05-04 11:14:51 #4 type.registry] 
New type domain.Erreklamazioa

[2026-05-04 11:14:51 #5 type.registry] 
New type domain.Salaketa

[2026-05-04 11:14:51 #6 type.registry] 
New type domain.Mugimendua

[2026-05-04 11:14:51 #7 type.registry] 
New type domain.Sale

[2026-05-04 11:14:51 #8 type.registry] 
New type domain.Txartela

[2026-05-04 11:14:51 #9 type] 
Type domain.Erreklamazioa is not enhanced.

[2026-05-04 11:14:51 #10 type] 
Type domain.Salaketa is not enhanced.

[2026-05-04 11:14:51 #11 type] 
Type domain.Mugimendua is not enhanced.

[2026-05-04 11:14:51 #12 type] 
Type domain.Sale is not enhanced.

[2026-05-04 11:14:51 #13 type.registry] 
New type domain.Notifikazioa

[2026-05-04 11:14:51 #14 type] 
Type domain.Txartela is not enhanced.

[2026-05-04 11:14:51 #15 type] 
Type domain.Notifikazioa is not enhanced.

[2026-05-04 11:14:51 #16 type.registry] 
New type domain.Arduraduna

[2026-05-04 11:14:51 #17 type] 
Type domain.Arduraduna is not enhanced.

[2026-05-04 11:14:51 #18 type.registry] 
New type java.util.ArrayList<java.lang.Object>

[2026-05-04 11:14:51 #19 type.registry] 
New type java.util.ArrayList<java.lang.String>

[2026-05-04 11:14:51 #20 type.registry] 
New type java.util.ArrayList<domain.Sale>

[2026-05-04 11:14:51 #21 type.registry] 
New type java.util.ArrayList<domain.Mugimendua>

[2026-05-04 11:14:51 #22 type.registry] 
New type java.util.ArrayList<domain.Salaketa>

[2026-05-04 11:14:51 #23 type.registry] 
New type java.util.ArrayList<domain.Erreklamazioa>

------------------------------------------------------------------------------------------------------------------------

[2026-05-04 11:49:34 #1 store] 
Database '/home/bolo/git/lehenbizikoIterazioa/src/main/resources/products.temp' is opened by 21253@ubuntu

[2026-05-04 11:49:34 #2 type.registry] 
New type domain.User

[2026-05-04 11:49:34 #3 type] 
Type domain.User is not enhanced.

[2026-05-04 11:49:34 #4 type.registry] 
New type domain.Erreklamazioa

[2026-05-04 11:49:34 #5 type.registry] 
New type domain.Salaketa

[2026-05-04 11:49:34 #6 type.registry] 
New type domain.Mugimendua

[2026-05-04 11:49:34 #7 type.registry] 
New type domain.Sale

[2026-05-04 11:49:34 #8 type.registry] 
New type domain.Txartela

[2026-05-04 11:49:34 #9 type] 
Type domain.Erreklamazioa is not enhanced.

[2026-05-04 11:49:34 #10 type] 
Type domain.Salaketa is not enhanced.

[2026-05-04 11:49:34 #11 type] 
Type domain.Mugimendua is not enhanced.

[2026-05-04 11:49:34 #12 type] 
Type domain.Sale is not enhanced.

[2026-05-04 11:49:34 #13 type.registry] 
New type domain.Notifikazioa

[2026-05-04 11:49:34 #14 type] 
Type domain.Txartela is not enhanced.

[2026-05-04 11:49:34 #15 type] 
Type domain.Notifikazioa is not enhanced.

[2026-05-04 11:49:34 #16 type.registry] 
New type domain.Arduraduna

[2026-05-04 11:49:34 #17 type] 
Type domain.Arduraduna is not enhanced.

[2026-05-04 11:49:34 #18 type.registry] 
New type java.util.ArrayList<java.lang.Object>

[2026-05-04 11:49:34 #19 type.registry] 
New type java.util.ArrayList<java.lang.String>

[2026-05-04 11:49:34 #20 type.registry] 
New type java.util.ArrayList<domain.Sale>

[2026-05-04 11:49:34 #21 type.registry] 
New type java.util.ArrayList<domain.Mugimendua>

[2026-05-04 11:49:34 #22 type.registry] 
New type java.util.ArrayList<domain.Salaketa>

[2026-05-04 11:49:34 #23 type.registry] 
New type java.util.ArrayList<domain.Erreklamazioa>

------------------------------------------------------------------------------------------------------------------------

[2026-05-04 11:51:49 #1 store] 
Database '/home/bolo/git/lehenbizikoIterazioa/src/main/resources/products.temp' is opened by 22310@ubuntu

[2026-05-04 11:51:49 #2 type.registry] 
New type domain.User

[2026-05-04 11:51:49 #3 type] 
Type domain.User is not enhanced.

[2026-05-04 11:51:49 #4 type.registry] 
New type domain.Erreklamazioa

[2026-05-04 11:51:49 #5 type.registry] 
New type domain.Salaketa

[2026-05-04 11:51:49 #6 type.registry] 
New type domain.Mugimendua

[2026-05-04 11:51:49 #7 type.registry] 
New type domain.Sale

[2026-05-04 11:51:49 #8 type.registry] 
New type domain.Txartela

[2026-05-04 11:51:49 #9 type] 
Type domain.Erreklamazioa is not enhanced.

[2026-05-04 11:51:49 #10 type] 
Type domain.Salaketa is not enhanced.

[2026-05-04 11:51:49 #11 type] 
Type domain.Mugimendua is not enhanced.

[2026-05-04 11:51:49 #12 type] 
Type domain.Sale is not enhanced.

[2026-05-04 11:51:49 #13 type.registry] 
New type domain.Notifikazioa

[2026-05-04 11:51:49 #14 type] 
Type domain.Txartela is not enhanced.

[2026-05-04 11:51:49 #15 type] 
Type domain.Notifikazioa is not enhanced.

[2026-05-04 11:51:49 #16 type.registry] 
New type domain.Arduraduna

[2026-05-04 11:51:49 #17 type] 
Type domain.Arduraduna is not enhanced.

[2026-05-04 11:51:49 #18 type.registry] 
New type java.util.ArrayList<java.lang.Object>

[2026-05-04 11:51:49 #19 type.registry] 
New type java.util.ArrayList<java.lang.String>

[2026-05-04 11:51:49 #20 type.registry] 
New type java.util.ArrayList<domain.Sale>

[2026-05-04 11:51:49 #21 type.registry] 
New type java.util.ArrayList<domain.Mugimendua>

[2026-05-04 11:51:49 #22 type.registry] 
New type java.util.ArrayList<domain.Salaketa>

[2026-05-04 11:51:49 #23 type.registry] 
New type java.util.ArrayList<domain.Erreklamazioa>

------------------------------------------------------------------------------------------------------------------------

[2026-05-04 11:52:09 #1 store] 
Database '/home/bolo/git/lehenbizikoIterazioa/src/main/resources/products.temp' is opened by 22427@ubuntu

[2026-05-04 11:52:09 #2 type.registry] 
New type domain.User

[2026-05-04 11:52:09 #3 type] 
Type domain.User is not enhanced.

[2026-05-04 11:52:09 #4 type.registry] 
New type domain.Erreklamazioa

[2026-05-04 11:52:09 #5 type.registry] 
New type domain.Salaketa

[2026-05-04 11:52:09 #6 type.registry] 
New type domain.Mugimendua

[2026-05-04 11:52:09 #7 type.registry] 
New type domain.Sale

[2026-05-04 11:52:09 #8 type.registry] 
New type domain.Txartela

[2026-05-04 11:52:09 #9 type] 
Type domain.Erreklamazioa is not enhanced.

[2026-05-04 11:52:09 #10 type] 
Type domain.Salaketa is not enhanced.

[2026-05-04 11:52:09 #11 type] 
Type domain.Mugimendua is not enhanced.

[2026-05-04 11:52:09 #12 type] 
Type domain.Sale is not enhanced.

[2026-05-04 11:52:09 #13 type.registry] 
New type domain.Notifikazioa

[2026-05-04 11:52:09 #14 type] 
Type domain.Txartela is not enhanced.

[2026-05-04 11:52:09 #15 type] 
Type domain.Notifikazioa is not enhanced.

[2026-05-04 11:52:09 #16 type.registry] 
New type domain.Arduraduna

[2026-05-04 11:52:09 #17 type] 
Type domain.Arduraduna is not enhanced.

[2026-05-04 11:52:09 #18 type.registry] 
New type java.util.ArrayList<java.lang.Object>

[2026-05-04 11:52:09 #19 type.registry] 
New type java.util.ArrayList<java.lang.String>

[2026-05-04 11:52:09 #20 type.registry] 
New type java.util.ArrayList<domain.Sale>

[2026-05-04 11:52:09 #21 type.registry] 
New type java.util.ArrayList<domain.Mugimendua>

[2026-05-04 11:52:09 #22 type.registry] 
New type java.util.ArrayList<domain.Salaketa>

[2026-05-04 11:52:09 #23 type.registry] 
New type java.util.ArrayList<domain.Erreklamazioa>

------------------------------------------------------------------------------------------------------------------------

[2026-05-04 11:52:22 #1 store] 
Database '/home/bolo/git/lehenbizikoIterazioa/src/main/resources/products.temp' is opened by 22492@ubuntu

[2026-05-04 11:52:22 #2 type.registry] 
New type domain.User

[2026-05-04 11:52:22 #3 type] 
Type domain.User is not enhanced.

[2026-05-04 11:52:22 #4 type.registry] 
New type domain.Erreklamazioa

[2026-05-04 11:52:22 #5 type.registry] 
New type domain.Salaketa

[2026-05-04 11:52:22 #6 type.registry] 
New type domain.Mugimendua

[2026-05-04 11:52:22 #7 type.registry] 
New type domain.Sale

[2026-05-04 11:52:22 #8 type.registry] 
New type domain.Txartela

[2026-05-04 11:52:22 #9 type] 
Type domain.Erreklamazioa is not enhanced.

[2026-05-04 11:52:22 #10 type] 
Type domain.Salaketa is not enhanced.

[2026-05-04 11:52:22 #11 type] 
Type domain.Mugimendua is not enhanced.

[2026-05-04 11:52:22 #12 type] 
Type domain.Sale is not enhanced.

[2026-05-04 11:52:22 #13 type.registry] 
New type domain.Notifikazioa

[2026-05-04 11:52:22 #14 type] 
Type domain.Txartela is not enhanced.

[2026-05-04 11:52:22 #15 type] 
Type domain.Notifikazioa is not enhanced.

[2026-05-04 11:52:22 #16 type.registry] 
New type domain.Arduraduna

[2026-05-04 11:52:22 #17 type] 
Type domain.Arduraduna is not enhanced.

[2026-05-04 11:52:22 #18 type.registry] 
New type java.util.ArrayList<java.lang.Object>

[2026-05-04 11:52:22 #19 type.registry] 
New type java.util.ArrayList<java.lang.String>

[2026-05-04 11:52:22 #20 type.registry] 
New type java.util.ArrayList<domain.Sale>

[2026-05-04 11:52:22 #21 type.registry] 
New type java.util.ArrayList<domain.Mugimendua>

[2026-05-04 11:52:22 #22 type.registry] 
New type java.util.ArrayList<domain.Salaketa>

[2026-05-04 11:52:22 #23 type.registry] 
New type java.util.ArrayList<domain.Erreklamazioa>

