------------------------------------------------------------------------------------------------------------------------

[2026-05-10 23:55:36 #1 store] 
Database 'C:\Users\Jon\git\lehenbizikoIterazioaaa\src\main\resources\products.temp' has been recovered (tr. 14-15)

[2026-05-10 23:55:36 #2 store] 
Database 'C:\Users\Jon\git\lehenbizikoIterazioaaa\src\main\resources\products.temp' is opened by 24116@LAPTOP-9T7B58EJ

[2026-05-10 23:55:36 #3 type] 
Type domain.User is not enhanced.

[2026-05-10 23:55:36 #4 type] 
Type domain.Eskaintza is not enhanced.

[2026-05-10 23:55:36 #5 type] 
Type domain.Eskaera is not enhanced.

[2026-05-10 23:55:36 #6 type] 
Type domain.Erreklamazioa is not enhanced.

[2026-05-10 23:55:36 #7 type] 
Type domain.Salaketa is not enhanced.

[2026-05-10 23:55:36 #8 type] 
Type domain.Mugimendua is not enhanced.

[2026-05-10 23:55:36 #9 type] 
Type domain.Sale is not enhanced.

[2026-05-10 23:55:36 #10 type] 
Type domain.Txartela is not enhanced.

[2026-05-10 23:55:36 #11 type] 
Type domain.Notifikazioa is not enhanced.

[2026-05-10 23:55:36 #12 type] 
Type domain.Arduraduna is not enhanced.

